Component: ARM Compiler 5.06 update 7 (build 960) Tool: armlink [4d3601]

==============================================================================

Section Cross References

    stm32f10x_adc.o(.text) refers to stm32f10x_rcc.o(.text) for RCC_APB2PeriphResetCmd
    stm32f10x_bkp.o(.text) refers to stm32f10x_rcc.o(.text) for RCC_BackupResetCmd
    stm32f10x_can.o(.text) refers to stm32f10x_rcc.o(.text) for RCC_APB1PeriphResetCmd
    stm32f10x_cec.o(.text) refers to stm32f10x_rcc.o(.text) for RCC_APB1PeriphResetCmd
    stm32f10x_dac.o(.text) refers to stm32f10x_rcc.o(.text) for RCC_APB1PeriphResetCmd
    stm32f10x_gpio.o(.text) refers to stm32f10x_rcc.o(.text) for RCC_APB2PeriphResetCmd
    stm32f10x_i2c.o(.text) refers to stm32f10x_rcc.o(.text) for RCC_APB1PeriphResetCmd
    stm32f10x_pwr.o(.text) refers to stm32f10x_rcc.o(.text) for RCC_APB1PeriphResetCmd
    stm32f10x_rcc.o(.text) refers to stm32f10x_rcc.o(.data) for .data
    stm32f10x_spi.o(.text) refers to stm32f10x_rcc.o(.text) for RCC_APB2PeriphResetCmd
    stm32f10x_tim.o(.text) refers to stm32f10x_rcc.o(.text) for RCC_APB2PeriphResetCmd
    stm32f10x_usart.o(.text) refers to stm32f10x_rcc.o(.text) for RCC_APB2PeriphResetCmd
    stm32f10x_wwdg.o(.text) refers to stm32f10x_rcc.o(.text) for RCC_APB1PeriphResetCmd
    startup_stm32f10x_ld.o(STACK) refers (Special) to heapauxi.o(.text) for __use_two_region_memory
    startup_stm32f10x_ld.o(HEAP) refers (Special) to heapauxi.o(.text) for __use_two_region_memory
    startup_stm32f10x_ld.o(RESET) refers (Special) to heapauxi.o(.text) for __use_two_region_memory
    startup_stm32f10x_ld.o(RESET) refers to startup_stm32f10x_ld.o(STACK) for __initial_sp
    startup_stm32f10x_ld.o(RESET) refers to startup_stm32f10x_ld.o(.text) for Reset_Handler
    startup_stm32f10x_ld.o(RESET) refers to stm32f10x_it.o(.text) for NMI_Handler
    startup_stm32f10x_ld.o(RESET) refers to time2.o(.text) for TIM2_IRQHandler
    startup_stm32f10x_ld.o(RESET) refers to usart.o(.text) for USART1_IRQHandler
    startup_stm32f10x_ld.o(RESET) refers to usart2.o(.text) for USART2_IRQHandler
    startup_stm32f10x_ld.o(.text) refers (Special) to heapauxi.o(.text) for __use_two_region_memory
    startup_stm32f10x_ld.o(.text) refers to system_stm32f10x.o(.text) for SystemInit
    startup_stm32f10x_ld.o(.text) refers to __main.o(!!!main) for __main
    startup_stm32f10x_ld.o(.text) refers to startup_stm32f10x_ld.o(HEAP) for Heap_Mem
    startup_stm32f10x_ld.o(.text) refers to startup_stm32f10x_ld.o(STACK) for Stack_Mem
    system_stm32f10x.o(.text) refers to system_stm32f10x.o(.data) for .data
    main.o(.text) refers to _printf_pad.o(.text) for _printf_pre_padding
    main.o(.text) refers to _printf_percent.o(.ARM.Collect$$_printf_percent$$00000000) for _printf_percent
    main.o(.text) refers to _printf_f.o(.ARM.Collect$$_printf_percent$$00000003) for _printf_f
    main.o(.text) refers to printf1.o(x$fpl$printf1) for _printf_fp_dec
    main.o(.text) refers to _printf_d.o(.ARM.Collect$$_printf_percent$$00000009) for _printf_d
    main.o(.text) refers to _printf_dec.o(.text) for _printf_int_dec
    main.o(.text) refers to rt_memcpy_w.o(.text) for __aeabi_memcpy4
    main.o(.text) refers to delay.o(.text) for delay_init
    main.o(.text) refers to misc.o(.text) for NVIC_PriorityGroupConfig
    main.o(.text) refers to led.o(.text) for LED_Init
    main.o(.text) refers to key.o(.text) for KEY_Init
    main.o(.text) refers to oled.o(.text) for OLED_Init
    main.o(.text) refers to adc.o(.text) for Adc_Init
    main.o(.text) refers to usart2.o(.text) for usart2_init
    main.o(.text) refers to beep.o(.text) for BEEP_Init
    main.o(.text) refers to switch.o(.text) for switch_Init
    main.o(.text) refers to ds18b20.o(.text) for delay_ms1
    main.o(.text) refers to f2d.o(x$fpl$f2d) for __aeabi_f2d
    main.o(.text) refers to noretval__2sprintf.o(.text) for __2sprintf
    main.o(.text) refers to stm32f10x_gpio.o(.text) for GPIO_ReadInputDataBit
    main.o(.text) refers to fflt_clz.o(x$fpl$ffltu) for __aeabi_ui2f
    main.o(.text) refers to fleqf.o(x$fpl$fleqf) for __aeabi_cfcmple
    main.o(.text) refers to main.o(.constdata) for .constdata
    main.o(.text) refers to main.o(.data) for .data
    delay.o(.text) refers to misc.o(.text) for SysTick_CLKSourceConfig
    delay.o(.text) refers to system_stm32f10x.o(.data) for SystemCoreClock
    delay.o(.text) refers to delay.o(.data) for .data
    usart.o(.text) refers (Special) to use_no_semi_2.o(.text) for __use_no_semihosting
    usart.o(.text) refers to stm32f10x_rcc.o(.text) for RCC_APB2PeriphClockCmd
    usart.o(.text) refers to stm32f10x_gpio.o(.text) for GPIO_Init
    usart.o(.text) refers to misc.o(.text) for NVIC_Init
    usart.o(.text) refers to stm32f10x_usart.o(.text) for USART_Init
    usart.o(.text) refers to usart.o(.data) for .data
    usart.o(.bss) refers (Special) to use_no_semi_2.o(.text) for __use_no_semihosting
[...]
    ..\\CORE\\core_cm3.c                     0x00000000   Number         0  core_cm3.o ABSOLUTE
    ..\\SYSTEM\\sys\\sys.c                   0x00000000   Number         0  sys.o ABSOLUTE
    dc.s                                     0x00000000   Number         0  dc.o ABSOLUTE
    main.c                                   0x00000000   Number         0  main.o ABSOLUTE
    stm32f10x_it.c                           0x00000000   Number         0  stm32f10x_it.o ABSOLUTE
    system_stm32f10x.c                       0x00000000   Number         0  system_stm32f10x.o ABSOLUTE
    RESET                                    0x08000000   Section      236  startup_stm32f10x_ld.o(RESET)
    !!!main                                  0x080000ec   Section        8  __main.o(!!!main)
    !!!scatter                               0x080000f4   Section       52  __scatter.o(!!!scatter)
    !!dczerorl2                              0x08000128   Section       90  __dczerorl2.o(!!dczerorl2)
    !!handler_zi                             0x08000184   Section       28  __scatter_zi.o(!!handler_zi)
    .ARM.Collect$$_printf_percent$$00000000  0x080001a0   Section        0  _printf_percent.o(.ARM.Collect$$_printf_percent$$00000000)
    .ARM.Collect$$_printf_percent$$00000003  0x080001a0   Section        6  _printf_f.o(.ARM.Collect$$_printf_percent$$00000003)
    .ARM.Collect$$_printf_percent$$00000009  0x080001a6   Section        6  _printf_d.o(.ARM.Collect$$_printf_percent$$00000009)
    .ARM.Collect$$_printf_percent$$0000000A  0x080001ac   Section        6  _printf_u.o(.ARM.Collect$$_printf_percent$$0000000A)
    .ARM.Collect$$_printf_percent$$00000017  0x080001b2   Section        4  _printf_percent_end.o(.ARM.Collect$$_printf_percent$$00000017)
    .ARM.Collect$$libinit$$00000000          0x080001b6   Section        2  libinit.o(.ARM.Collect$$libinit$$00000000)
    .ARM.Collect$$libinit$$00000002          0x080001b8   Section        0  libinit2.o(.ARM.Collect$$libinit$$00000002)
    .ARM.Collect$$libinit$$00000004          0x080001b8   Section        0  libinit2.o(.ARM.Collect$$libinit$$00000004)
    .ARM.Collect$$libinit$$0000000A          0x080001b8   Section        0  libinit2.o(.ARM.Collect$$libinit$$0000000A)
    .ARM.Collect$$libinit$$0000000C          0x080001b8   Section        0  libinit2.o(.ARM.Collect$$libinit$$0000000C)
    .ARM.Collect$$libinit$$0000000E          0x080001b8   Section        0  libinit2.o(.ARM.Collect$$libinit$$0000000E)
    .ARM.Collect$$libinit$$0000000F          0x080001b8   Section        6  libinit2.o(.ARM.Collect$$libinit$$0000000F)
    .ARM.Collect$$libinit$$00000011          0x080001be   Section        0  libinit2.o(.ARM.Collect$$libinit$$00000011)
    .ARM.Collect$$libinit$$00000013          0x080001be   Section        0  libinit2.o(.ARM.Collect$$libinit$$00000013)
    .ARM.Collect$$libinit$$00000015          0x080001be   Section        0  libinit2.o(.ARM.Collect$$libinit$$00000015)
    .ARM.Collect$$libinit$$00000016          0x080001be   Section       10  libinit2.o(.ARM.Collect$$libinit$$00000016)
    .ARM.Collect$$libinit$$00000017          0x080001c8   Section        0  libinit2.o(.ARM.Collect$$libinit$$00000017)
    .ARM.Collect$$libinit$$00000019          0x080001c8   Section        0  libinit2.o(.ARM.Collect$$libinit$$00000019)
    .ARM.Collect$$libinit$$0000001B          0x080001c8   Section        0  libinit2.o(.ARM.Collect$$libinit$$0000001B)
    .ARM.Collect$$libinit$$0000001D          0x080001c8   Section        0  libinit2.o(.ARM.Collect$$libinit$$0000001D)
    .ARM.Collect$$libinit$$0000001F          0x080001c8   Section        0  libinit2.o(.ARM.Collect$$libinit$$0000001F)
    .ARM.Collect$$libinit$$00000021          0x080001c8   Section        0  libinit2.o(.ARM.Collect$$libinit$$00000021)
    .ARM.Collect$$libinit$$00000023          0x080001c8   Section        0  libinit2.o(.ARM.Collect$$libinit$$00000023)
    .ARM.Collect$$libinit$$00000025          0x080001c8   Section        0  libinit2.o(.ARM.Collect$$libinit$$00000025)
    .ARM.Collect$$libinit$$0000002C          0x080001c8   Section        0  libinit2.o(.ARM.Collect$$libinit$$0000002C)
    .ARM.Collect$$libinit$$0000002E          0x080001c8   Section        0  libinit2.o(.ARM.Collect$$libinit$$0000002E)
    .ARM.Collect$$libinit$$00000030          0x080001c8   Section        0  libinit2.o(.ARM.Collect$$libinit$$00000030)
    .ARM.Collect$$libinit$$00000032          0x080001c8   Section        0  libinit2.o(.ARM.Collect$$libinit$$00000032)
    .ARM.Collect$$libinit$$00000033          0x080001c8   Section        2  libinit2.o(.ARM.Collect$$libinit$$00000033)
    .ARM.Collect$$libshutdown$$00000000      0x080001ca   Section        2  libshutdown.o(.ARM.Collect$$libshutdown$$00000000)
    .ARM.Collect$$libshutdown$$00000002      0x080001cc   Section        0  libshutdown2.o(.ARM.Collect$$libshutdown$$00000002)
    .ARM.Collect$$libshutdown$$00000004      0x080001cc   Section        0  libshutdown2.o(.ARM.Collect$$libshutdown$$00000004)
    .ARM.Collect$$libshutdown$$00000006      0x080001cc   Section        0  libshutdown2.o(.ARM.Collect$$libshutdown$$00000006)
    .ARM.Collect$$libshutdown$$00000009      0x080001cc   Section        0  libshutdown2.o(.ARM.Collect$$libshutdown$$00000009)
    .ARM.Collect$$libshutdown$$0000000C      0x080001cc   Section        0  libshutdown2.o(.ARM.Collect$$libshutdown$$0000000C)
    .ARM.Collect$$libshutdown$$0000000E      0x080001cc   Section        0  libshutdown2.o(.ARM.Collect$$libshutdown$$0000000E)
    .ARM.Collect$$libshutdown$$00000011      0x080001cc   Section        0  libshutdown2.o(.ARM.Collect$$libshutdown$$00000011)
    .ARM.Collect$$libshutdown$$00000012      0x080001cc   Section        2  libshutdown2.o(.ARM.Collect$$libshutdown$$00000012)
    .ARM.Collect$$rtentry$$00000000          0x080001ce   Section        0  __rtentry.o(.ARM.Collect$$rtentry$$00000000)
    .ARM.Collect$$rtentry$$00000002          0x080001ce   Section        0  __rtentry2.o(.ARM.Collect$$rtentry$$00000002)
    .ARM.Collect$$rtentry$$00000004          0x080001ce   Section        6  __rtentry4.o(.ARM.Collect$$rtentry$$00000004)
    .ARM.Collect$$rtentry$$00000009          0x080001d4   Section        0  __rtentry2.o(.ARM.Collect$$rtentry$$00000009)
    .ARM.Collect$$rtentry$$0000000A          0x080001d4   Section        4  __rtentry2.o(.ARM.Collect$$rtentry$$0000000A)
    .ARM.Collect$$rtentry$$0000000C          0x080001d8   Section        0  __rtentry2.o(.ARM.Collect$$rtentry$$0000000C)
    .ARM.Collect$$rtentry$$0000000D          0x080001d8   Section        8  __rtentry2.o(.ARM.Collect$$rtentry$$0000000D)
    .ARM.Collect$$rtexit$$00000000           0x080001e0   Section        2  rtexit.o(.ARM.Collect$$rtexit$$00000000)
    .ARM.Collect$$rtexit$$00000002           0x080001e2   Section        0  rtexit2.o(.ARM.Collect$$rtexit$$00000002)
    .ARM.Collect$$rtexit$$00000003           0x080001e2   Section        4  rtexit2.o(.ARM.Collect$$rtexit$$00000003)
    .ARM.Collect$$rtexit$$00000004           0x080001e6   Section        6  rtexit2.o(.ARM.Collect$$rtexit$$00000004)
    .text                                    0x080001ec   Section        0  misc.o(.text)
    .text                                    0x080002a4   Section        0  stm32f10x_adc.o(.text)
    .text                                    0x0800062c   Section        0  stm32f10x_gpio.o(.text)
    .text                                    0x080008c4   Section        0  stm32f10x_rcc.o(.text)
    .text                                    0x08000bb8   Section        0  stm32f10x_tim.o(.text)
    TI4_Config                               0x08001021   Thumb Code   102  stm32f10x_tim.o(.text)
    TI3_Config                               0x08001097   Thumb Code    98  stm32f10x_tim.o(.text)
    TI2_Config                               0x08001111   Thumb Code   102  stm32f10x_tim.o(.text)
    TI1_Config                               0x08001187   Thumb Code    94  stm32f10x_tim.o(.text)
    .text                                    0x080017e4   Section        0  stm32f10x_usart.o(.text)
    .text                                    0x08001b80   Section       64  startup_stm32f10x_ld.o(.text)
    .text                                    0x08001bc0   Section        0  stm32f10x_it.o(.text)
    .text                                    0x08001bd4   Section        0  system_stm32f10x.o(.text)
    SetSysClockTo72                          0x08001bd5   Thumb Code   166  system_stm32f10x.o(.text)
    SetSysClock                              0x08001c7b   Thumb Code     2  system_stm32f10x.o(.text)
    .text                                    0x08001d48   Section        0  main.o(.text)
    .text                                    0x08002090   Section        0  delay.o(.text)
    .text                                    0x08002110   Section        0  usart.o(.text)
    .text                                    0x080021e8   Section        0  led.o(.text)
    .text                                    0x08002244   Section        0  oled.o(.text)
    .text                                    0x0800295c   Section        0  time2.o(.text)
    .text                                    0x080029ec   Section        0  adc.o(.text)
    .text                                    0x08002ad0   Section        0  usart2.o(.text)
    .text                                    0x08002c64   Section        0  beep.o(.text)
    .text                                    0x08002c98   Section        0  key.o(.text)
    .text                                    0x08002dc4   Section        0  switch.o(.text)
    .text                                    0x08002e04   Section        0  ds18b20.o(.text)
    .text                                    0x0800304c   Section        2  use_no_semi_2.o(.text)
    .text                                    0x08003050   Section        0  noretval__2sprintf.o(.text)
    .text                                    0x08003078   Section        0  noretval__2snprintf.o(.text)
    .text                                    0x080030ac   Section        0  _printf_pad.o(.text)
    .text                                    0x080030fc   Section        0  _printf_dec.o(.text)
    .text                                    0x08003174   Section        0  __printf_wp.o(.text)
    .text                                    0x08003282   Section      100  rt_memcpy_w.o(.text)
    .text                                    0x080032e6   Section        0  heapauxi.o(.text)
    .text                                    0x080032ec   Section        2  use_no_semi.o(.text)
    .text                                    0x080032ee   Section        0  _printf_intcommon.o(.text)
    .text                                    0x080033a0   Section        0  _printf_fp_dec.o(.text)
    _fp_digits                               0x080033a3   Thumb Code   432  _printf_fp_dec.o(.text)
    .text                                    0x080037c0   Section        0  _printf_char_common.o(.text)
    _printf_input_char                       0x080037c1   Thumb Code    10  _printf_char_common.o(.text)
    .text                                    0x080037f0   Section        0  _sputc.o(.text)
    .text                                    0x080037fa   Section        0  _snputc.o(.text)
    .text                                    0x0800380c   Section        8  rt_locale_intlibspace.o(.text)
    .text                                    0x08003814   Section      138  lludiv10.o(.text)
    .text                                    0x080038a0   Section        0  _printf_fp_infnan.o(.text)
    .text                                    0x08003920   Section        0  bigflt0.o(.text)
    .text                                    0x08003a04   Section        8  libspace.o(.text)
    .text                                    0x08003a0c   Section       74  sys_stackheap_outer.o(.text)
    .text                                    0x08003a56   Section        0  exit.o(.text)
    .text                                    0x08003a68   Section      128  strcmpv7m.o(.text)
    CL$$btod_d2e                             0x08003ae8   Section       62  btod.o(CL$$btod_d2e)
    CL$$btod_d2e_denorm_low                  0x08003b26   Section       70  btod.o(CL$$btod_d2e_denorm_low)
    CL$$btod_d2e_norm_op1                    0x08003b6c   Section       96  btod.o(CL$$btod_d2e_norm_op1)
    CL$$btod_div_common                      0x08003bcc   Section      824  btod.o(CL$$btod_div_common)
    CL$$btod_e2e                             0x08003f04   Section      220  btod.o(CL$$btod_e2e)
    CL$$btod_ediv                            0x08003fe0   Section       42  btod.o(CL$$btod_ediv)
    CL$$btod_emul                            0x0800400a   Section       42  btod.o(CL$$btod_emul)
    CL$$btod_mult_common                     0x08004034   Section      580  btod.o(CL$$btod_mult_common)
    i.__ARM_fpclassify                       0x08004278   Section        0  fpclassify.o(i.__ARM_fpclassify)
    i._is_digit                              0x080042a0   Section        0  __printf_wp.o(i._is_digit)
    locale$$code                             0x080042b0   Section       44  lc_numeric_c.o(locale$$code)
    x$fpl$d2f                                0x080042dc   Section       98  d2f.o(x$fpl$d2f)
    x$fpl$dcheck1                            0x08004340   Section       16  dcheck1.o(x$fpl$dcheck1)
    x$fpl$dflt                               0x08004350   Section       46  dflt_clz.o(x$fpl$dflt)
    x$fpl$dnaninf                            0x0800437e   Section      156  dnaninf.o(x$fpl$dnaninf)
    x$fpl$dretinf                            0x0800441a   Section       12  dretinf.o(x$fpl$dretinf)
    x$fpl$f2d                                0x08004428   Section       86  f2d.o(x$fpl$f2d)
    x$fpl$fcmpinf                            0x0800447e   Section       24  fcmpi.o(x$fpl$fcmpinf)
    x$fpl$ffltu                              0x08004498   Section       38  fflt_clz.o(x$fpl$ffltu)
    x$fpl$fleqf                              0x080044c0   Section      104  fleqf.o(x$fpl$fleqf)
    x$fpl$fnaninf                            0x08004528   Section      140  fnaninf.o(x$fpl$fnaninf)
    x$fpl$fretinf                            0x080045b4   Section       10  fretinf.o(x$fpl$fretinf)
    x$fpl$printf1                            0x080045be   Section        4  printf1.o(x$fpl$printf1)
    x$fpl$retnan                             0x080045c2   Section      100  retnan.o(x$fpl$retnan)
    x$fpl$scalbn                             0x08004626   Section       92  scalbn.o(x$fpl$scalbn)
    x$fpl$trapveneer                         0x08004682   Section       48  trapv.o(x$fpl$trapveneer)
    x$fpl$usenofp                            0x080046b2   Section        0  usenofp.o(x$fpl$usenofp)
    .constdata                               0x080046b4   Section       50  main.o(.constdata)
    .constdata                               0x080046e6   Section     2072  oled.o(.constdata)
    .constdata                               0x08004f00   Section      148  bigflt0.o(.constdata)
    tenpwrs_x                                0x08004f00   Data          60  bigflt0.o(.constdata)
    tenpwrs_i                                0x08004f3c   Data          64  bigflt0.o(.constdata)
    locale$$data                             0x08004fb4   Section       28  lc_numeric_c.o(locale$$data)
    __lcnum_c_name                           0x08004fb8   Data           2  lc_numeric_c.o(locale$$data)
    __lcnum_c_start                          0x08004fc0   Data           0  lc_numeric_c.o(locale$$data)
    __lcnum_c_point                          0x08004fcc   Data           0  lc_numeric_c.o(locale$$data)
    __lcnum_c_thousands                      0x08004fce   Data           0  lc_numeric_c.o(locale$$data)
    __lcnum_c_grouping                       0x08004fcf   Data           0  lc_numeric_c.o(locale$$data)
    __lcnum_c_end                            0x08004fd0   Data           0  lc_numeric_c.o(locale$$data)
    .data                                    0x20000000   Section       20  stm32f10x_rcc.o(.data)
    ADCPrescTable                            0x20000000   Data           4  stm32f10x_rcc.o(.data)
    APBAHBPrescTable                         0x20000004   Data          16  stm32f10x_rcc.o(.data)
    .data                                    0x20000014   Section       20  system_stm32f10x.o(.data)
    .data                                    0x20000028   Section       16  main.o(.data)
    .data                                    0x20000038   Section        4  delay.o(.data)
    fac_us                                   0x20000038   Data           1  delay.o(.data)
    fac_ms                                   0x2000003a   Data           2  delay.o(.data)
    .data                                    0x2000003c   Section        1  usart.o(.data)
    .data                                    0x2000003d   Section     1472  oled.o(.data)
    .data                                    0x200005fd   Section        5  usart2.o(.data)
    .data                                    0x20000602   Section        1  key.o(.data)
    key_up                                   0x20000602   Data           1  key.o(.data)
    .bss                                     0x20000604   Section       96  libspace.o(.bss)
    HEAP                                     0x20000668   Section      512  startup_stm32f10x_ld.o(HEAP)
    Heap_Mem                                 0x20000668   Data         512  startup_stm32f10x_ld.o(HEAP)
    STACK                                    0x20000868   Section     1024  startup_stm32f10x_ld.o(STACK)
    Stack_Mem                                0x20000868   Data        1024  startup_stm32f10x_ld.o(STACK)
    __initial_sp                             0x20000c68   Data           0  startup_stm32f10x_ld.o(STACK)

    Global Symbols

    Symbol Name                              Value     Ov Type        Size  Object(Section)

    BuildAttributes$$THM_ISAv4$P$D$K$B$S$PE$A:L22UL41UL21$X:L11$S22US41US21$IEEE1$IW$USESV6$~STKCKD$USESV7$~SHL$OTIME$ROPI$IEEEJ$EBA8$UX$STANDARDLIB$REQ8$PRES8$EABIv2 0x00000000   Number         0  anon$$obj.o ABSOLUTE
    __ARM_use_no_argv                        0x00000000   Number         0  main.o ABSOLUTE
    _printf_flags                            0x00000000   Number         0  printf_stubs.o ABSOLUTE
    _printf_return_value                     0x00000000   Number         0  printf_stubs.o ABSOLUTE
    _printf_sizespec                         0x00000000   Number         0  printf_stubs.o ABSOLUTE
    _printf_widthprec                        0x00000000   Number         0  printf_stubs.o ABSOLUTE
    __ARM_exceptions_init                     - Undefined Weak Reference
    __alloca_initialize                       - Undefined Weak Reference
    __arm_fini_                               - Undefined Weak Reference
    __arm_preinit_                            - Undefined Weak Reference
    __cpp_initialize__aeabi_                  - Undefined Weak Reference
    __cxa_finalize                            - Undefined Weak Reference
    __sigvec_lookup                           - Undefined Weak Reference
    _atexit_init                              - Undefined Weak Reference
    _call_atexit_fns                          - Undefined Weak Reference
    _clock_init                               - Undefined Weak Reference
    _fp_trap_init                             - Undefined Weak Reference
    _fp_trap_shutdown                         - Undefined Weak Reference
    _get_lc_collate                           - Undefined Weak Reference
    _get_lc_ctype                             - Undefined Weak Reference
    _get_lc_monetary                          - Undefined Weak Reference
    _get_lc_time                              - Undefined Weak Reference
    _getenv_init                              - Undefined Weak Reference
    _handle_redirection                       - Undefined Weak Reference
    _init_alloc                               - Undefined Weak Reference
    _init_user_alloc                          - Undefined Weak Reference
    _initio                                   - Undefined Weak Reference
    _printf_truncate_signed                   - Undefined Weak Reference
    _printf_truncate_unsigned                 - Undefined Weak Reference
    _rand_init                                - Undefined Weak Reference
    _signal_finish                            - Undefined Weak Reference
    _signal_init                              - Undefined Weak Reference
    _terminate_alloc                          - Undefined Weak Reference
    _terminate_user_alloc                     - Undefined Weak Reference
    _terminateio                              - Undefined Weak Reference
    __Vectors_Size                           0x000000ec   Number         0  startup_stm32f10x_ld.o ABSOLUTE
    __Vectors                                0x08000000   Data           4  startup_stm32f10x_ld.o(RESET)
    __Vectors_End                            0x080000ec   Data           0  startup_stm32f10x_ld.o(RESET)
    __main                                   0x080000ed   Thumb Code     8  __main.o(!!!main)
    __scatterload                            0x080000f5   Thumb Code     0  __scatter.o(!!!scatter)
    __scatterload_rt2                        0x080000f5   Thumb Code    44  __scatter.o(!!!scatter)
    __scatterload_rt2_thumb_only             0x080000f5   Thumb Code     0  __scatter.o(!!!scatter)
    __scatterload_null                       0x08000103   Thumb Code     0  __scatter.o(!!!scatter)
    __decompress                             0x08000129   Thumb Code    90  __dczerorl2.o(!!dczerorl2)
    __decompress1                            0x08000129   Thumb Code     0  __dczerorl2.o(!!dczerorl2)
    __scatterload_zeroinit                   0x08000185   Thumb Code    28  __scatter_zi.o(!!handler_zi)
    _printf_f                                0x080001a1   Thumb Code     0  _printf_f.o(.ARM.Collect$$_printf_percent$$00000003)
    _printf_percent                          0x080001a1   Thumb Code     0  _printf_percent.o(.ARM.Collect$$_printf_percent$$00000000)
    _printf_d                                0x080001a7   Thumb Code     0  _printf_d.o(.ARM.Collect$$_printf_percent$$00000009)
    _printf_u                                0x080001ad   Thumb Code     0  _printf_u.o(.ARM.Collect$$_printf_percent$$0000000A)
    _printf_percent_end                      0x080001b3   Thumb Code     0  _printf_percent_end.o(.ARM.Collect$$_printf_percent$$00000017)
    __rt_lib_init                            0x080001b7   Thumb Code     0  libinit.o(.ARM.Collect$$libinit$$00000000)
    __rt_lib_init_fp_1                       0x080001b9   Thumb Code     0  libinit2.o(.ARM.Collect$$libinit$$00000002)
    __rt_lib_init_heap_1                     0x080001b9   Thumb Code     0  libinit2.o(.ARM.Collect$$libinit$$0000000A)
    __rt_lib_init_lc_common                  0x080001b9   Thumb Code     0  libinit2.o(.ARM.Collect$$libinit$$0000000F)
    __rt_lib_init_preinit_1                  0x080001b9   Thumb Code     0  libinit2.o(.ARM.Collect$$libinit$$00000004)
    __rt_lib_init_rand_1                     0x080001b9   Thumb Code     0  libinit2.o(.ARM.Collect$$libinit$$0000000E)
    __rt_lib_init_user_alloc_1               0x080001b9   Thumb Code     0  libinit2.o(.ARM.Collect$$libinit$$0000000C)
    __rt_lib_init_lc_collate_1               0x080001bf   Thumb Code     0  libinit2.o(.ARM.Collect$$libinit$$00000011)
    __rt_lib_init_lc_ctype_1                 0x080001bf   Thumb Code     0  libinit2.o(.ARM.Collect$$libinit$$00000013)
    __rt_lib_init_lc_monetary_1              0x080001bf   Thumb Code     0  libinit2.o(.ARM.Collect$$libinit$$00000015)
    __rt_lib_init_lc_numeric_2               0x080001bf   Thumb Code     0  libinit2.o(.ARM.Collect$$libinit$$00000016)
    __rt_lib_init_alloca_1                   0x080001c9   Thumb Code     0  libinit2.o(.ARM.Collect$$libinit$$0000002E)
    __rt_lib_init_argv_1                     0x080001c9   Thumb Code     0  libinit2.o(.ARM.Collect$$libinit$$0000002C)
    __rt_lib_init_atexit_1                   0x080001c9   Thumb Code     0  libinit2.o(.ARM.Collect$$libinit$$0000001B)
    __rt_lib_init_clock_1                    0x080001c9   Thumb Code     0  libinit2.o(.ARM.Collect$$libinit$$00000021)
    __rt_lib_init_cpp_1                      0x080001c9   Thumb Code     0  libinit2.o(.ARM.Collect$$libinit$$00000032)
    __rt_lib_init_exceptions_1               0x080001c9   Thumb Code     0  libinit2.o(.ARM.Collect$$libinit$$00000030)
    __rt_lib_init_fp_trap_1                  0x080001c9   Thumb Code     0  libinit2.o(.ARM.Collect$$libinit$$0000001F)
    __rt_lib_init_getenv_1                   0x080001c9   Thumb Code     0  libinit2.o(.ARM.Collect$$libinit$$00000023)
    __rt_lib_init_lc_numeric_1               0x080001c9   Thumb Code     0  libinit2.o(.ARM.Collect$$libinit$$00000017)
    __rt_lib_init_lc_time_1                  0x080001c9   Thumb Code     0  libinit2.o(.ARM.Collect$$libinit$$00000019)
    __rt_lib_init_return                     0x080001c9   Thumb Code     0  libinit2.o(.ARM.Collect$$libinit$$00000033)
    __rt_lib_init_signal_1                   0x080001c9   Thumb Code     0  libinit2.o(.ARM.Collect$$libinit$$0000001D)
    __rt_lib_init_stdio_1                    0x080001c9   Thumb Code     0  libinit2.o(.ARM.Collect$$libinit$$00000025)
    __rt_lib_shutdown                        0x080001cb   Thumb Code     0  libshutdown.o(.ARM.Collect$$libshutdown$$00000000)
    __rt_lib_shutdown_cpp_1                  0x080001cd   Thumb Code     0  libshutdown2.o(.ARM.Collect$$libshutdown$$00000004)
    __rt_lib_shutdown_fini_1                 0x080001cd   Thumb Code     0  libshutdown2.o(.ARM.Collect$$libshutdown$$00000002)
    __rt_lib_shutdown_fp_trap_1              0x080001cd   Thumb Code     0  libshutdown2.o(.ARM.Collect$$libshutdown$$00000009)
    __rt_lib_shutdown_heap_1                 0x080001cd   Thumb Code     0  libshutdown2.o(.ARM.Collect$$libshutdown$$00000011)
    __rt_lib_shutdown_return                 0x080001cd   Thumb Code     0  libshutdown2.o(.ARM.Collect$$libshutdown$$00000012)
    __rt_lib_shutdown_signal_1               0x080001cd   Thumb Code     0  libshutdown2.o(.ARM.Collect$$libshutdown$$0000000C)
    __rt_lib_shutdown_stdio_1                0x080001cd   Thumb Code     0  libshutdown2.o(.ARM.Collect$$libshutdown$$00000006)
    __rt_lib_shutdown_user_alloc_1           0x080001cd   Thumb Code     0  libshutdown2.o(.ARM.Collect$$libshutdown$$0000000E)
    __rt_entry                               0x080001cf   Thumb Code     0  __rtentry.o(.ARM.Collect$$rtentry$$00000000)
    __rt_entry_presh_1                       0x080001cf   Thumb Code     0  __rtentry2.o(.ARM.Collect$$rtentry$$00000002)
    __rt_entry_sh                            0x080001cf   Thumb Code     0  __rtentry4.o(.ARM.Collect$$rtentry$$00000004)
    __rt_entry_li                            0x080001d5   Thumb Code     0  __rtentry2.o(.ARM.Collect$$rtentry$$0000000A)
    __rt_entry_postsh_1                      0x080001d5   Thumb Code     0  __rtentry2.o(.ARM.Collect$$rtentry$$00000009)
    __rt_entry_main                          0x080001d9   Thumb Code     0  __rtentry2.o(.ARM.Collect$$rtentry$$0000000D)
    __rt_entry_postli_1                      0x080001d9   Thumb Code     0  __rtentry2.o(.ARM.Collect$$rtentry$$0000000C)
    __rt_exit                                0x080001e1   Thumb Code     0  rtexit.o(.ARM.Collect$$rtexit$$00000000)
    __rt_exit_ls                             0x080001e3   Thumb Code     0  rtexit2.o(.ARM.Collect$$rtexit$$00000003)
    __rt_exit_prels_1                        0x080001e3   Thumb Code     0  rtexit2.o(.ARM.Collect$$rtexit$$00000002)
    __rt_exit_exit                           0x080001e7   Thumb Code     0  rtexit2.o(.ARM.Collect$$rtexit$$00000004)
    NVIC_PriorityGroupConfig                 0x080001ed   Thumb Code    10  misc.o(.text)
    NVIC_Init                                0x080001f7   Thumb Code    96  misc.o(.text)
    NVIC_SetVectorTable                      0x08000257   Thumb Code    14  misc.o(.text)
    NVIC_SystemLPConfig                      0x08000265   Thumb Code    24  misc.o(.text)
    SysTick_CLKSourceConfig                  0x0800027d   Thumb Code    28  misc.o(.text)
    ADC_DeInit                               0x080002a5   Thumb Code    88  stm32f10x_adc.o(.text)
    ADC_Init                                 0x080002fd   Thumb Code    62  stm32f10x_adc.o(.text)
    ADC_StructInit                           0x0800033b   Thumb Code    18  stm32f10x_adc.o(.text)
    ADC_Cmd                                  0x0800034d   Thumb Code    24  stm32f10x_adc.o(.text)
    ADC_DMACmd                               0x08000365   Thumb Code    24  stm32f10x_adc.o(.text)
    ADC_ITConfig                             0x0800037d   Thumb Code    22  stm32f10x_adc.o(.text)
    ADC_ResetCalibration                     0x08000393   Thumb Code    10  stm32f10x_adc.o(.text)
    ADC_GetResetCalibrationStatus            0x0800039d   Thumb Code    14  stm32f10x_adc.o(.text)
    ADC_StartCalibration                     0x080003ab   Thumb Code    10  stm32f10x_adc.o(.text)
    ADC_GetCalibrationStatus                 0x080003b5   Thumb Code    14  stm32f10x_adc.o(.text)
    ADC_SoftwareStartConvCmd                 0x080003c3   Thumb Code    24  stm32f10x_adc.o(.text)
    ADC_GetSoftwareStartConvStatus           0x080003db   Thumb Code    14  stm32f10x_adc.o(.text)
    ADC_DiscModeChannelCountConfig           0x080003e9   Thumb Code    16  stm32f10x_adc.o(.text)
    ADC_DiscModeCmd                          0x080003f9   Thumb Code    24  stm32f10x_adc.o(.text)
    ADC_RegularChannelConfig                 0x08000411   Thumb Code   116  stm32f10x_adc.o(.text)
    ADC_ExternalTrigConvCmd                  0x08000485   Thumb Code    24  stm32f10x_adc.o(.text)
    ADC_GetConversionValue                   0x0800049d   Thumb Code     6  stm32f10x_adc.o(.text)
    ADC_GetDualModeConversionValue           0x080004a3   Thumb Code     8  stm32f10x_adc.o(.text)
    ADC_AutoInjectedConvCmd                  0x080004ab   Thumb Code    24  stm32f10x_adc.o(.text)
    ADC_InjectedDiscModeCmd                  0x080004c3   Thumb Code    24  stm32f10x_adc.o(.text)
    ADC_ExternalTrigInjectedConvConfig       0x080004db   Thumb Code    12  stm32f10x_adc.o(.text)
    ADC_ExternalTrigInjectedConvCmd          0x080004e7   Thumb Code    24  stm32f10x_adc.o(.text)
    ADC_SoftwareStartInjectedConvCmd         0x080004ff   Thumb Code    24  stm32f10x_adc.o(.text)
    ADC_GetSoftwareStartInjectedConvCmdStatus 0x08000517   Thumb Code    14  stm32f10x_adc.o(.text)
    ADC_InjectedChannelConfig                0x08000525   Thumb Code    74  stm32f10x_adc.o(.text)
    ADC_InjectedSequencerLengthConfig        0x0800056f   Thumb Code    16  stm32f10x_adc.o(.text)
    ADC_SetInjectedOffset                    0x0800057f   Thumb Code    16  stm32f10x_adc.o(.text)
    ADC_GetInjectedConversionValue           0x0800058f   Thumb Code    20  stm32f10x_adc.o(.text)
    ADC_AnalogWatchdogCmd                    0x080005a3   Thumb Code    12  stm32f10x_adc.o(.text)
    ADC_AnalogWatchdogThresholdsConfig       0x080005af   Thumb Code     6  stm32f10x_adc.o(.text)
    ADC_AnalogWatchdogSingleChannelConfig    0x080005b5   Thumb Code    12  stm32f10x_adc.o(.text)
    ADC_TempSensorVrefintCmd                 0x080005c1   Thumb Code    28  stm32f10x_adc.o(.text)
    ADC_GetFlagStatus                        0x080005dd   Thumb Code    14  stm32f10x_adc.o(.text)
    ADC_ClearFlag                            0x080005eb   Thumb Code     6  stm32f10x_adc.o(.text)
    ADC_GetITStatus                          0x080005f1   Thumb Code    28  stm32f10x_adc.o(.text)
    ADC_ClearITPendingBit                    0x0800060d   Thumb Code     8  stm32f10x_adc.o(.text)
    GPIO_DeInit                              0x0800062d   Thumb Code   188  stm32f10x_gpio.o(.text)
    GPIO_AFIODeInit                          0x080006e9   Thumb Code    22  stm32f10x_gpio.o(.text)
    GPIO_Init                                0x080006ff   Thumb Code   166  stm32f10x_gpio.o(.text)
    GPIO_StructInit                          0x080007a5   Thumb Code    16  stm32f10x_gpio.o(.text)
    GPIO_ReadInputDataBit                    0x080007b5   Thumb Code    14  stm32f10x_gpio.o(.text)
    GPIO_ReadInputData                       0x080007c3   Thumb Code     6  stm32f10x_gpio.o(.text)
    GPIO_ReadOutputDataBit                   0x080007c9   Thumb Code    14  stm32f10x_gpio.o(.text)
    GPIO_ReadOutputData                      0x080007d7   Thumb Code     6  stm32f10x_gpio.o(.text)
    GPIO_SetBits                             0x080007dd   Thumb Code     4  stm32f10x_gpio.o(.text)
    GPIO_ResetBits                           0x080007e1   Thumb Code     4  stm32f10x_gpio.o(.text)
    GPIO_WriteBit                            0x080007e5   Thumb Code    12  stm32f10x_gpio.o(.text)
    GPIO_Write                               0x080007f1   Thumb Code     4  stm32f10x_gpio.o(.text)
    GPIO_PinLockConfig                       0x080007f5   Thumb Code    16  stm32f10x_gpio.o(.text)
    GPIO_EventOutputConfig                   0x08000805   Thumb Code    22  stm32f10x_gpio.o(.text)
    GPIO_EventOutputCmd                      0x0800081b   Thumb Code     6  stm32f10x_gpio.o(.text)
    GPIO_PinRemapConfig                      0x08000821   Thumb Code    86  stm32f10x_gpio.o(.text)
    GPIO_EXTILineConfig                      0x08000877   Thumb Code    34  stm32f10x_gpio.o(.text)
    GPIO_ETH_MediaInterfaceConfig            0x08000899   Thumb Code     8  stm32f10x_gpio.o(.text)
    RCC_DeInit                               0x080008c5   Thumb Code    50  stm32f10x_rcc.o(.text)
    RCC_HSEConfig                            0x080008f7   Thumb Code    50  stm32f10x_rcc.o(.text)
    RCC_GetFlagStatus                        0x08000929   Thumb Code    42  stm32f10x_rcc.o(.text)
    RCC_WaitForHSEStartUp                    0x08000953   Thumb Code    48  stm32f10x_rcc.o(.text)
    RCC_AdjustHSICalibrationValue            0x08000983   Thumb Code    16  stm32f10x_rcc.o(.text)
    RCC_HSICmd                               0x08000993   Thumb Code     6  stm32f10x_rcc.o(.text)
    RCC_PLLConfig                            0x08000999   Thumb Code    16  stm32f10x_rcc.o(.text)
    RCC_PLLCmd                               0x080009a9   Thumb Code     6  stm32f10x_rcc.o(.text)
    RCC_SYSCLKConfig                         0x080009af   Thumb Code    14  stm32f10x_rcc.o(.text)
    RCC_GetSYSCLKSource                      0x080009bd   Thumb Code    10  stm32f10x_rcc.o(.text)
    RCC_HCLKConfig                           0x080009c7   Thumb Code    14  stm32f10x_rcc.o(.text)
    RCC_PCLK1Config                          0x080009d5   Thumb Code    14  stm32f10x_rcc.o(.text)
    RCC_PCLK2Config                          0x080009e3   Thumb Code    16  stm32f10x_rcc.o(.text)
    RCC_ITConfig                             0x080009f3   Thumb Code    22  stm32f10x_rcc.o(.text)
    RCC_USBCLKConfig                         0x08000a09   Thumb Code     8  stm32f10x_rcc.o(.text)
    RCC_ADCCLKConfig                         0x08000a11   Thumb Code    14  stm32f10x_rcc.o(.text)
    RCC_LSEConfig                            0x08000a1f   Thumb Code    36  stm32f10x_rcc.o(.text)
    RCC_LSICmd                               0x08000a43   Thumb Code     6  stm32f10x_rcc.o(.text)
    RCC_RTCCLKConfig                         0x08000a49   Thumb Code    10  stm32f10x_rcc.o(.text)
    RCC_RTCCLKCmd                            0x08000a53   Thumb Code     8  stm32f10x_rcc.o(.text)
    RCC_GetClocksFreq                        0x08000a5b   Thumb Code   154  stm32f10x_rcc.o(.text)
    RCC_AHBPeriphClockCmd                    0x08000af5   Thumb Code    22  stm32f10x_rcc.o(.text)
    RCC_APB2PeriphClockCmd                   0x08000b0b   Thumb Code    22  stm32f10x_rcc.o(.text)
    RCC_APB1PeriphClockCmd                   0x08000b21   Thumb Code    22  stm32f10x_rcc.o(.text)
    RCC_APB2PeriphResetCmd                   0x08000b37   Thumb Code    22  stm32f10x_rcc.o(.text)
    RCC_APB1PeriphResetCmd                   0x08000b4d   Thumb Code    22  stm32f10x_rcc.o(.text)
    RCC_BackupResetCmd                       0x08000b63   Thumb Code     8  stm32f10x_rcc.o(.text)
    RCC_ClockSecuritySystemCmd               0x08000b6b   Thumb Code     6  stm32f10x_rcc.o(.text)
    RCC_MCOConfig                            0x08000b71   Thumb Code     6  stm32f10x_rcc.o(.text)
    RCC_ClearFlag                            0x08000b77   Thumb Code    12  stm32f10x_rcc.o(.text)
    RCC_GetITStatus                          0x08000b83   Thumb Code    16  stm32f10x_rcc.o(.text)
    RCC_ClearITPendingBit                    0x08000b93   Thumb Code     6  stm32f10x_rcc.o(.text)
    TIM_DeInit                               0x08000bb9   Thumb Code   464  stm32f10x_tim.o(.text)
    TIM_TimeBaseInit                         0x08000d89   Thumb Code   114  stm32f10x_tim.o(.text)
    TIM_OC1Init                              0x08000dfb   Thumb Code   114  stm32f10x_tim.o(.text)
    TIM_OC2Init                              0x08000e6d   Thumb Code   128  stm32f10x_tim.o(.text)
    TIM_OC3Init                              0x08000eed   Thumb Code   124  stm32f10x_tim.o(.text)
    TIM_OC4Init                              0x08000f69   Thumb Code   160  stm32f10x_tim.o(.text)
    TIM_SetIC4Prescaler                      0x08001009   Thumb Code    24  stm32f10x_tim.o(.text)
    TIM_SetIC3Prescaler                      0x08001087   Thumb Code    16  stm32f10x_tim.o(.text)
    TIM_SetIC2Prescaler                      0x080010f9   Thumb Code    24  stm32f10x_tim.o(.text)
    TIM_SetIC1Prescaler                      0x08001177   Thumb Code    16  stm32f10x_tim.o(.text)
    TIM_ICInit                               0x080011e5   Thumb Code   114  stm32f10x_tim.o(.text)
    TIM_PWMIConfig                           0x08001257   Thumb Code   106  stm32f10x_tim.o(.text)
    TIM_BDTRConfig                           0x080012c1   Thumb Code    34  stm32f10x_tim.o(.text)
    TIM_TimeBaseStructInit                   0x080012e3   Thumb Code    18  stm32f10x_tim.o(.text)
    TIM_OCStructInit                         0x080012f5   Thumb Code    20  stm32f10x_tim.o(.text)
    TIM_ICStructInit                         0x08001309   Thumb Code    16  stm32f10x_tim.o(.text)
    TIM_BDTRStructInit                       0x08001319   Thumb Code    18  stm32f10x_tim.o(.text)
    TIM_Cmd                                  0x0800132b   Thumb Code    24  stm32f10x_tim.o(.text)
    TIM_CtrlPWMOutputs                       0x08001343   Thumb Code    28  stm32f10x_tim.o(.text)
    TIM_ITConfig                             0x0800135f   Thumb Code    20  stm32f10x_tim.o(.text)
    TIM_GenerateEvent                        0x08001373   Thumb Code     4  stm32f10x_tim.o(.text)
    TIM_DMAConfig                            0x08001377   Thumb Code     8  stm32f10x_tim.o(.text)
    TIM_DMACmd                               0x0800137f   Thumb Code    20  stm32f10x_tim.o(.text)
    TIM_InternalClockConfig                  0x08001393   Thumb Code    10  stm32f10x_tim.o(.text)
    TIM_SelectInputTrigger                   0x0800139d   Thumb Code    12  stm32f10x_tim.o(.text)
    TIM_ITRxExternalClockConfig              0x080013a9   Thumb Code    20  stm32f10x_tim.o(.text)
    TIM_TIxExternalClockConfig               0x080013bd   Thumb Code    48  stm32f10x_tim.o(.text)
    TIM_ETRConfig                            0x080013ed   Thumb Code    24  stm32f10x_tim.o(.text)
    TIM_ETRClockMode1Config                  0x08001405   Thumb Code    52  stm32f10x_tim.o(.text)
    TIM_ETRClockMode2Config                  0x08001439   Thumb Code    20  stm32f10x_tim.o(.text)
    TIM_PrescalerConfig                      0x0800144d   Thumb Code     6  stm32f10x_tim.o(.text)
    TIM_CounterModeConfig                    0x08001453   Thumb Code    12  stm32f10x_tim.o(.text)
    TIM_EncoderInterfaceConfig               0x0800145f   Thumb Code    50  stm32f10x_tim.o(.text)
    TIM_ForcedOC1Config                      0x08001491   Thumb Code    12  stm32f10x_tim.o(.text)
    TIM_ForcedOC2Config                      0x0800149d   Thumb Code    20  stm32f10x_tim.o(.text)
    TIM_ForcedOC3Config                      0x080014b1   Thumb Code    12  stm32f10x_tim.o(.text)
    TIM_ForcedOC4Config                      0x080014bd   Thumb Code    20  stm32f10x_tim.o(.text)
    TIM_ARRPreloadConfig                     0x080014d1   Thumb Code    24  stm32f10x_tim.o(.text)
    TIM_SelectCOM                            0x080014e9   Thumb Code    24  stm32f10x_tim.o(.text)
    TIM_SelectCCDMA                          0x08001501   Thumb Code    24  stm32f10x_tim.o(.text)
    TIM_CCPreloadControl                     0x08001519   Thumb Code    24  stm32f10x_tim.o(.text)
    TIM_OC1PreloadConfig                     0x08001531   Thumb Code    12  stm32f10x_tim.o(.text)
    TIM_OC2PreloadConfig                     0x0800153d   Thumb Code    20  stm32f10x_tim.o(.text)
    TIM_OC3PreloadConfig                     0x08001551   Thumb Code    12  stm32f10x_tim.o(.text)
    TIM_OC4PreloadConfig                     0x0800155d   Thumb Code    20  stm32f10x_tim.o(.text)
    TIM_OC1FastConfig                        0x08001571   Thumb Code    12  stm32f10x_tim.o(.text)
    TIM_OC2FastConfig                        0x0800157d   Thumb Code    20  stm32f10x_tim.o(.text)
    TIM_OC3FastConfig                        0x08001591   Thumb Code    12  stm32f10x_tim.o(.text)
    TIM_OC4FastConfig                        0x0800159d   Thumb Code    20  stm32f10x_tim.o(.text)
    TIM_ClearOC1Ref                          0x080015b1   Thumb Code    12  stm32f10x_tim.o(.text)
    TIM_ClearOC2Ref                          0x080015bd   Thumb Code    20  stm32f10x_tim.o(.text)
    TIM_ClearOC3Ref                          0x080015d1   Thumb Code    12  stm32f10x_tim.o(.text)
    TIM_ClearOC4Ref                          0x080015dd   Thumb Code    20  stm32f10x_tim.o(.text)
    TIM_OC1PolarityConfig                    0x080015f1   Thumb Code    12  stm32f10x_tim.o(.text)
    TIM_OC1NPolarityConfig                   0x080015fd   Thumb Code    12  stm32f10x_tim.o(.text)
    TIM_OC2PolarityConfig                    0x08001609   Thumb Code    20  stm32f10x_tim.o(.text)
    TIM_OC2NPolarityConfig                   0x0800161d   Thumb Code    20  stm32f10x_tim.o(.text)
    TIM_OC3PolarityConfig                    0x08001631   Thumb Code    20  stm32f10x_tim.o(.text)
    TIM_OC3NPolarityConfig                   0x08001645   Thumb Code    20  stm32f10x_tim.o(.text)
    TIM_OC4PolarityConfig                    0x08001659   Thumb Code    20  stm32f10x_tim.o(.text)
    TIM_CCxCmd                               0x0800166d   Thumb Code    22  stm32f10x_tim.o(.text)
    TIM_CCxNCmd                              0x08001683   Thumb Code    22  stm32f10x_tim.o(.text)
    TIM_SelectOCxM                           0x08001699   Thumb Code    76  stm32f10x_tim.o(.text)
    TIM_UpdateDisableConfig                  0x080016e5   Thumb Code    24  stm32f10x_tim.o(.text)
    TIM_UpdateRequestConfig                  0x080016fd   Thumb Code    24  stm32f10x_tim.o(.text)
    TIM_SelectHallSensor                     0x08001715   Thumb Code    24  stm32f10x_tim.o(.text)
    TIM_SelectOnePulseMode                   0x0800172d   Thumb Code    16  stm32f10x_tim.o(.text)
    TIM_SelectOutputTrigger                  0x0800173d   Thumb Code    16  stm32f10x_tim.o(.text)
    TIM_SelectSlaveMode                      0x0800174d   Thumb Code    16  stm32f10x_tim.o(.text)
    TIM_SelectMasterSlaveMode                0x0800175d   Thumb Code    16  stm32f10x_tim.o(.text)
    TIM_SetCounter                           0x0800176d   Thumb Code     4  stm32f10x_tim.o(.text)
    TIM_SetAutoreload                        0x08001771   Thumb Code     4  stm32f10x_tim.o(.text)
    TIM_SetCompare1                          0x08001775   Thumb Code     4  stm32f10x_tim.o(.text)
    TIM_SetCompare2                          0x08001779   Thumb Code     4  stm32f10x_tim.o(.text)
    TIM_SetCompare3                          0x0800177d   Thumb Code     4  stm32f10x_tim.o(.text)
    TIM_SetCompare4                          0x08001781   Thumb Code     6  stm32f10x_tim.o(.text)
    TIM_SetClockDivision                     0x08001787   Thumb Code    16  stm32f10x_tim.o(.text)
    TIM_GetCapture1                          0x08001797   Thumb Code     4  stm32f10x_tim.o(.text)
    TIM_GetCapture2                          0x0800179b   Thumb Code     4  stm32f10x_tim.o(.text)
    TIM_GetCapture3                          0x0800179f   Thumb Code     4  stm32f10x_tim.o(.text)
    TIM_GetCapture4                          0x080017a3   Thumb Code     6  stm32f10x_tim.o(.text)
    TIM_GetCounter                           0x080017a9   Thumb Code     4  stm32f10x_tim.o(.text)
    TIM_GetPrescaler                         0x080017ad   Thumb Code     4  stm32f10x_tim.o(.text)
    TIM_GetFlagStatus                        0x080017b1   Thumb Code    14  stm32f10x_tim.o(.text)
    TIM_ClearFlag                            0x080017bf   Thumb Code     6  stm32f10x_tim.o(.text)
    TIM_GetITStatus                          0x080017c5   Thumb Code    24  stm32f10x_tim.o(.text)
    TIM_ClearITPendingBit                    0x080017dd   Thumb Code     6  stm32f10x_tim.o(.text)
    USART_DeInit                             0x080017e5   Thumb Code   144  stm32f10x_usart.o(.text)
    USART_Init                               0x08001875   Thumb Code   182  stm32f10x_usart.o(.text)
    USART_StructInit                         0x0800192b   Thumb Code    22  stm32f10x_usart.o(.text)
    USART_ClockInit                          0x08001941   Thumb Code    30  stm32f10x_usart.o(.text)
    USART_ClockStructInit                    0x0800195f   Thumb Code    12  stm32f10x_usart.o(.text)
    USART_Cmd                                0x0800196b   Thumb Code    24  stm32f10x_usart.o(.text)
    USART_ITConfig                           0x08001983   Thumb Code    54  stm32f10x_usart.o(.text)
    USART_DMACmd                             0x080019b9   Thumb Code    20  stm32f10x_usart.o(.text)
    USART_SetAddress                         0x080019cd   Thumb Code    16  stm32f10x_usart.o(.text)
    USART_WakeUpConfig                       0x080019dd   Thumb Code    16  stm32f10x_usart.o(.text)
    USART_ReceiverWakeUpCmd                  0x080019ed   Thumb Code    24  stm32f10x_usart.o(.text)
    USART_LINBreakDetectLengthConfig         0x08001a05   Thumb Code    16  stm32f10x_usart.o(.text)
    USART_LINCmd                             0x08001a15   Thumb Code    24  stm32f10x_usart.o(.text)
    USART_SendData                           0x08001a2d   Thumb Code     8  stm32f10x_usart.o(.text)
    USART_ReceiveData                        0x08001a35   Thumb Code     8  stm32f10x_usart.o(.text)
    USART_SendBreak                          0x08001a3d   Thumb Code    10  stm32f10x_usart.o(.text)
    USART_SetGuardTime                       0x08001a47   Thumb Code    16  stm32f10x_usart.o(.text)
    USART_SetPrescaler                       0x08001a57   Thumb Code    16  stm32f10x_usart.o(.text)
    USART_SmartCardCmd                       0x08001a67   Thumb Code    24  stm32f10x_usart.o(.text)
    USART_SmartCardNACKCmd                   0x08001a7f   Thumb Code    24  stm32f10x_usart.o(.text)
    USART_HalfDuplexCmd                      0x08001a97   Thumb Code    24  stm32f10x_usart.o(.text)
    USART_OverSampling8Cmd                   0x08001aaf   Thumb Code    24  stm32f10x_usart.o(.text)
    USART_OneBitMethodCmd                    0x08001ac7   Thumb Code    24  stm32f10x_usart.o(.text)
    USART_IrDAConfig                         0x08001adf   Thumb Code    16  stm32f10x_usart.o(.text)
    USART_IrDACmd                            0x08001aef   Thumb Code    24  stm32f10x_usart.o(.text)
    USART_GetFlagStatus                      0x08001b07   Thumb Code    14  stm32f10x_usart.o(.text)
    USART_ClearFlag                          0x08001b15   Thumb Code     8  stm32f10x_usart.o(.text)
    USART_GetITStatus                        0x08001b1d   Thumb Code    64  stm32f10x_usart.o(.text)
    USART_ClearITPendingBit                  0x08001b5d   Thumb Code    16  stm32f10x_usart.o(.text)
    Reset_Handler                            0x08001b81   Thumb Code     8  startup_stm32f10x_ld.o(.text)
    ADC1_2_IRQHandler                        0x08001b9b   Thumb Code     0  startup_stm32f10x_ld.o(.text)
    CAN1_RX1_IRQHandler                      0x08001b9b   Thumb Code     0  startup_stm32f10x_ld.o(.text)
    CAN1_SCE_IRQHandler                      0x08001b9b   Thumb Code     0  startup_stm32f10x_ld.o(.text)
    DMA1_Channel1_IRQHandler                 0x08001b9b   Thumb Code     0  startup_stm32f10x_ld.o(.text)
    DMA1_Channel2_IRQHandler                 0x08001b9b   Thumb Code     0  startup_stm32f10x_ld.o(.text)
    DMA1_Channel3_IRQHandler                 0x08001b9b   Thumb Code     0  startup_stm32f10x_ld.o(.text)
    DMA1_Channel4_IRQHandler                 0x08001b9b   Thumb Code     0  startup_stm32f10x_ld.o(.text)
    DMA1_Channel5_IRQHandler                 0x08001b9b   Thumb Code     0  startup_stm32f10x_ld.o(.text)
    DMA1_Channel6_IRQHandler                 0x08001b9b   Thumb Code     0  startup_stm32f10x_ld.o(.text)
    DMA1_Channel7_IRQHandler                 0x08001b9b   Thumb Code     0  startup_stm32f10x_ld.o(.text)
    EXTI0_IRQHandler                         0x08001b9b   Thumb Code     0  startup_stm32f10x_ld.o(.text)
    EXTI15_10_IRQHandler                     0x08001b9b   Thumb Code     0  startup_stm32f10x_ld.o(.text)
    EXTI1_IRQHandler                         0x08001b9b   Thumb Code     0  startup_stm32f10x_ld.o(.text)
    EXTI2_IRQHandler                         0x08001b9b   Thumb Code     0  startup_stm32f10x_ld.o(.text)
    EXTI3_IRQHandler                         0x08001b9b   Thumb Code     0  startup_stm32f10x_ld.o(.text)
    EXTI4_IRQHandler                         0x08001b9b   Thumb Code     0  startup_stm32f10x_ld.o(.text)
    EXTI9_5_IRQHandler                       0x08001b9b   Thumb Code     0  startup_stm32f10x_ld.o(.text)
    FLASH_IRQHandler                         0x08001b9b   Thumb Code     0  startup_stm32f10x_ld.o(.text)
    I2C1_ER_IRQHandler                       0x08001b9b   Thumb Code     0  startup_stm32f10x_ld.o(.text)
    I2C1_EV_IRQHandler                       0x08001b9b   Thumb Code     0  startup_stm32f10x_ld.o(.text)
    PVD_IRQHandler                           0x08001b9b   Thumb Code     0  startup_stm32f10x_ld.o(.text)
    RCC_IRQHandler                           0x08001b9b   Thumb Code     0  startup_stm32f10x_ld.o(.text)
    RTCAlarm_IRQHandler                      0x08001b9b   Thumb Code     0  startup_stm32f10x_ld.o(.text)
    RTC_IRQHandler                           0x08001b9b   Thumb Code     0  startup_stm32f10x_ld.o(.text)
    SPI1_IRQHandler                          0x08001b9b   Thumb Code     0  startup_stm32f10x_ld.o(.text)
    TAMPER_IRQHandler                        0x08001b9b   Thumb Code     0  startup_stm32f10x_ld.o(.text)
    TIM1_BRK_IRQHandler                      0x08001b9b   Thumb Code     0  startup_stm32f10x_ld.o(.text)
    TIM1_CC_IRQHandler                       0x08001b9b   Thumb Code     0  startup_stm32f10x_ld.o(.text)
    TIM1_TRG_COM_IRQHandler                  0x08001b9b   Thumb Code     0  startup_stm32f10x_ld.o(.text)
    TIM1_UP_IRQHandler                       0x08001b9b   Thumb Code     0  startup_stm32f10x_ld.o(.text)
    TIM3_IRQHandler                          0x08001b9b   Thumb Code     0  startup_stm32f10x_ld.o(.text)
    USBWakeUp_IRQHandler                     0x08001b9b   Thumb Code     0  startup_stm32f10x_ld.o(.text)
    USB_HP_CAN1_TX_IRQHandler                0x08001b9b   Thumb Code     0  startup_stm32f10x_ld.o(.text)
    USB_LP_CAN1_RX0_IRQHandler               0x08001b9b   Thumb Code     0  startup_stm32f10x_ld.o(.text)
    WWDG_IRQHandler                          0x08001b9b   Thumb Code     0  startup_stm32f10x_ld.o(.text)
    __user_initial_stackheap                 0x08001b9d   Thumb Code     0  startup_stm32f10x_ld.o(.text)
    NMI_Handler                              0x08001bc1   Thumb Code     2  stm32f10x_it.o(.text)
    HardFault_Handler                        0x08001bc3   Thumb Code     2  stm32f10x_it.o(.text)
    MemManage_Handler                        0x08001bc5   Thumb Code     2  stm32f10x_it.o(.text)
    BusFault_Handler                         0x08001bc7   Thumb Code     2  stm32f10x_it.o(.text)
    UsageFault_Handler                       0x08001bc9   Thumb Code     2  stm32f10x_it.o(.text)
    SVC_Handler                              0x08001bcb   Thumb Code     2  stm32f10x_it.o(.text)
    DebugMon_Handler                         0x08001bcd   Thumb Code     2  stm32f10x_it.o(.text)
    PendSV_Handler                           0x08001bcf   Thumb Code     2  stm32f10x_it.o(.text)
    SysTick_Handler                          0x08001bd1   Thumb Code     2  stm32f10x_it.o(.text)
    SystemInit                               0x08001c7d   Thumb Code    64  system_stm32f10x.o(.text)
    SystemCoreClockUpdate                    0x08001cbd   Thumb Code   106  system_stm32f10x.o(.text)
    main                                     0x08001d49   Thumb Code   762  main.o(.text)
    delay_init                               0x08002091   Thumb Code    44  delay.o(.text)
    delay_us                                 0x080020bd   Thumb Code    46  delay.o(.text)
    delay_ms                                 0x080020eb   Thumb Code    26  delay.o(.text)
    _sys_exit                                0x08002111   Thumb Code     2  usart.o(.text)
    fputc                                    0x08002113   Thumb Code    18  usart.o(.text)
    uart_init                                0x08002125   Thumb Code   152  usart.o(.text)
    USART1_IRQHandler                        0x080021bd   Thumb Code    30  usart.o(.text)
    LED_Init                                 0x080021e9   Thumb Code    84  led.o(.text)
    IIC_Start                                0x08002245   Thumb Code    40  oled.o(.text)
    IIC_Stop                                 0x0800226d   Thumb Code    32  oled.o(.text)
    IIC_Wait_Ack                             0x0800228d   Thumb Code    24  oled.o(.text)
    Write_IIC_Byte                           0x080022a5   Thumb Code    72  oled.o(.text)
    Write_IIC_Command                        0x080022ed   Thumb Code    44  oled.o(.text)
    Write_IIC_Data                           0x08002319   Thumb Code    44  oled.o(.text)
    OLED_WR_Byte                             0x08002345   Thumb Code    12  oled.o(.text)
    fill_picture                             0x08002351   Thumb Code    60  oled.o(.text)
    Delay_50ms                               0x0800238d   Thumb Code    24  oled.o(.text)
    Delay_1ms                                0x080023a5   Thumb Code    20  oled.o(.text)
    OLED_Set_Pos                             0x080023b9   Thumb Code    38  oled.o(.text)
    OLED_Display_On                          0x080023df   Thumb Code    28  oled.o(.text)
    OLED_Display_Off                         0x080023fb   Thumb Code    28  oled.o(.text)
    OLED_Clear                               0x08002417   Thumb Code    58  oled.o(.text)
    OLED_On                                  0x08002451   Thumb Code    58  oled.o(.text)
    OLED_ShowChar                            0x0800248b   Thumb Code   134  oled.o(.text)
    OLED_Re_ShowChar                         0x08002511   Thumb Code   138  oled.o(.text)
    oled_pow                                 0x0800259b   Thumb Code    16  oled.o(.text)
    OLED_ShowNum                             0x080025ab   Thumb Code   112  oled.o(.text)
    OLED_Re_ShowNum                          0x0800261b   Thumb Code   122  oled.o(.text)
    OLED_ShowString                          0x08002695   Thumb Code    88  oled.o(.text)
    OLED_Re_ShowString                       0x080026ed   Thumb Code    88  oled.o(.text)
    OLED_ShowCHinese12                       0x08002745   Thumb Code    96  oled.o(.text)
    OLED_ShowCHinese                         0x080027a5   Thumb Code    88  oled.o(.text)
    OLED_DrawBMP                             0x080027fd   Thumb Code    66  oled.o(.text)
    OLED_Init                                0x0800283f   Thumb Code   276  oled.o(.text)
    TIM2_Init                                0x0800295d   Thumb Code    90  time2.o(.text)
    TIM2_IRQHandler                          0x080029b7   Thumb Code    48  time2.o(.text)
    Adc_Init                                 0x080029ed   Thumb Code   126  adc.o(.text)
    Get_Adc                                  0x08002a6b   Thumb Code    46  adc.o(.text)
    Get_Adc_Average                          0x08002a99   Thumb Code    46  adc.o(.text)
    usart2_init                              0x08002ad1   Thumb Code   154  usart2.o(.text)
    USART2_IRQHandler                        0x08002b6b   Thumb Code   118  usart2.o(.text)
    Usart_SendByte                           0x08002be1   Thumb Code    24  usart2.o(.text)
    Usart_SendString                         0x08002bf9   Thumb Code    38  usart2.o(.text)
    Usart_SendU16AsString                    0x08002c1f   Thumb Code    38  usart2.o(.text)
    Get_Res1_1                               0x08002c45   Thumb Code     8  usart2.o(.text)
    Get_Res1_2                               0x08002c4d   Thumb Code     8  usart2.o(.text)
    BEEP_Init                                0x08002c65   Thumb Code    48  beep.o(.text)
    KEY_Init                                 0x08002c99   Thumb Code    96  key.o(.text)
    KEY_Scan                                 0x08002cf9   Thumb Code   196  key.o(.text)
    switch_Init                              0x08002dc5   Thumb Code    58  switch.o(.text)
    DS18B20_GPIO_Config                      0x08002e05   Thumb Code    48  ds18b20.o(.text)
    DS18B20_Mode_IPU                         0x08002e35   Thumb Code    24  ds18b20.o(.text)
    DS18B20_Mode_Out_PP                      0x08002e4d   Thumb Code    30  ds18b20.o(.text)
    delay_us1                                0x08002e6b   Thumb Code     8  ds18b20.o(.text)
    DS18B20_Rst                              0x08002e73   Thumb Code    40  ds18b20.o(.text)
    DS18B20_Presence                         0x08002e9b   Thumb Code    84  ds18b20.o(.text)
    DS18B20_Read_Bit                         0x08002eef   Thumb Code    68  ds18b20.o(.text)
    DS18B20_Read_Byte                        0x08002f33   Thumb Code    28  ds18b20.o(.text)
    DS18B20_Write_Byte                       0x08002f4f   Thumb Code    88  ds18b20.o(.text)
    DS18B20_Start                            0x08002fa7   Thumb Code    24  ds18b20.o(.text)
    DS18B20_Init                             0x08002fbf   Thumb Code    16  ds18b20.o(.text)
    DS18B20_Get_Temp                         0x08002fcf   Thumb Code    98  ds18b20.o(.text)
    delay_ms1                                0x08003031   Thumb Code    22  ds18b20.o(.text)
    __use_no_semihosting                     0x0800304d   Thumb Code     2  use_no_semi_2.o(.text)
    __2sprintf                               0x08003051   Thumb Code    34  noretval__2sprintf.o(.text)
    __2snprintf                              0x08003079   Thumb Code    48  noretval__2snprintf.o(.text)
    _printf_pre_padding                      0x080030ad   Thumb Code    44  _printf_pad.o(.text)
    _printf_post_padding                     0x080030d9   Thumb Code    34  _printf_pad.o(.text)
    _printf_int_dec                          0x080030fd   Thumb Code   104  _printf_dec.o(.text)
    __printf                                 0x08003175   Thumb Code   270  __printf_wp.o(.text)
    __aeabi_memcpy4                          0x08003283   Thumb Code     0  rt_memcpy_w.o(.text)
    __aeabi_memcpy8                          0x08003283   Thumb Code     0  rt_memcpy_w.o(.text)
    __rt_memcpy_w                            0x08003283   Thumb Code   100  rt_memcpy_w.o(.text)
    _memcpy_lastbytes_aligned                0x080032cb   Thumb Code     0  rt_memcpy_w.o(.text)
    __use_two_region_memory                  0x080032e7   Thumb Code     2  heapauxi.o(.text)
    __rt_heap_escrow$2region                 0x080032e9   Thumb Code     2  heapauxi.o(.text)
    __rt_heap_expand$2region                 0x080032eb   Thumb Code     2  heapauxi.o(.text)
    __I$use$semihosting                      0x080032ed   Thumb Code     0  use_no_semi.o(.text)
    __use_no_semihosting_swi                 0x080032ed   Thumb Code     2  use_no_semi.o(.text)
    _printf_int_common                       0x080032ef   Thumb Code   178  _printf_intcommon.o(.text)
    __lib_sel_fp_printf                      0x080033a1   Thumb Code     2  _printf_fp_dec.o(.text)
    _printf_fp_dec_real                      0x08003553   Thumb Code   620  _printf_fp_dec.o(.text)
    _printf_char_common                      0x080037cb   Thumb Code    32  _printf_char_common.o(.text)
    _sputc                                   0x080037f1   Thumb Code    10  _sputc.o(.text)
    _snputc                                  0x080037fb   Thumb Code    16  _snputc.o(.text)
    __rt_locale                              0x0800380d   Thumb Code     8  rt_locale_intlibspace.o(.text)
    _ll_udiv10                               0x08003815   Thumb Code   138  lludiv10.o(.text)
    _printf_fp_infnan                        0x080038a1   Thumb Code   112  _printf_fp_infnan.o(.text)
    _btod_etento                             0x08003921   Thumb Code   224  bigflt0.o(.text)
    __user_libspace                          0x08003a05   Thumb Code     8  libspace.o(.text)
    __user_perproc_libspace                  0x08003a05   Thumb Code     0  libspace.o(.text)
    __user_perthread_libspace                0x08003a05   Thumb Code     0  libspace.o(.text)
    __user_setup_stackheap                   0x08003a0d   Thumb Code    74  sys_stackheap_outer.o(.text)
    exit                                     0x08003a57   Thumb Code    18  exit.o(.text)
    strcmp                                   0x08003a69   Thumb Code   128  strcmpv7m.o(.text)
    _btod_d2e                                0x08003ae9   Thumb Code    62  btod.o(CL$$btod_d2e)
    _d2e_denorm_low                          0x08003b27   Thumb Code    70  btod.o(CL$$btod_d2e_denorm_low)
    _d2e_norm_op1                            0x08003b6d   Thumb Code    96  btod.o(CL$$btod_d2e_norm_op1)
    __btod_div_common                        0x08003bcd   Thumb Code   696  btod.o(CL$$btod_div_common)
    _e2e                                     0x08003f05   Thumb Code   220  btod.o(CL$$btod_e2e)
    _btod_ediv                               0x08003fe1   Thumb Code    42  btod.o(CL$$btod_ediv)
    _btod_emul                               0x0800400b   Thumb Code    42  btod.o(CL$$btod_emul)
    __btod_mult_common                       0x08004035   Thumb Code   580  btod.o(CL$$btod_mult_common)
    __ARM_fpclassify                         0x08004279   Thumb Code    40  fpclassify.o(i.__ARM_fpclassify)
    _is_digit                                0x080042a1   Thumb Code    14  __printf_wp.o(i._is_digit)
    _get_lc_numeric                          0x080042b1   Thumb Code    44  lc_numeric_c.o(locale$$code)
    __aeabi_d2f                              0x080042dd   Thumb Code     0  d2f.o(x$fpl$d2f)
    _d2f                                     0x080042dd   Thumb Code    98  d2f.o(x$fpl$d2f)
    __fpl_dcheck_NaN1                        0x08004341   Thumb Code    10  dcheck1.o(x$fpl$dcheck1)
    __aeabi_i2d                              0x08004351   Thumb Code     0  dflt_clz.o(x$fpl$dflt)
    _dflt                                    0x08004351   Thumb Code    46  dflt_clz.o(x$fpl$dflt)
    __fpl_dnaninf                            0x0800437f   Thumb Code   156  dnaninf.o(x$fpl$dnaninf)
    __fpl_dretinf                            0x0800441b   Thumb Code    12  dretinf.o(x$fpl$dretinf)
    __aeabi_f2d                              0x08004429   Thumb Code     0  f2d.o(x$fpl$f2d)
    _f2d                                     0x08004429   Thumb Code    86  f2d.o(x$fpl$f2d)
    __fpl_fcmp_Inf                           0x0800447f   Thumb Code    24  fcmpi.o(x$fpl$fcmpinf)
    __aeabi_ui2f                             0x08004499   Thumb Code     0  fflt_clz.o(x$fpl$ffltu)
    _ffltu                                   0x08004499   Thumb Code    38  fflt_clz.o(x$fpl$ffltu)
    __aeabi_cfcmple                          0x080044c1   Thumb Code     0  fleqf.o(x$fpl$fleqf)
    _fcmple                                  0x080044c1   Thumb Code   104  fleqf.o(x$fpl$fleqf)
    __fpl_fcmple_InfNaN                      0x08004513   Thumb Code     0  fleqf.o(x$fpl$fleqf)
    __fpl_fnaninf                            0x08004529   Thumb Code   140  fnaninf.o(x$fpl$fnaninf)
    __fpl_fretinf                            0x080045b5   Thumb Code    10  fretinf.o(x$fpl$fretinf)
    _printf_fp_dec                           0x080045bf   Thumb Code     4  printf1.o(x$fpl$printf1)
    __fpl_return_NaN                         0x080045c3   Thumb Code   100  retnan.o(x$fpl$retnan)
    __ARM_scalbn                             0x08004627   Thumb Code    92  scalbn.o(x$fpl$scalbn)
    __fpl_cmpreturn                          0x08004683   Thumb Code    48  trapv.o(x$fpl$trapveneer)
    __I$use$fp                               0x080046b2   Number         0  usenofp.o(x$fpl$usenofp)
    F6x8                                     0x080046e6   Data         552  oled.o(.constdata)
    F8X16                                    0x0800490e   Data        1520  oled.o(.constdata)
    Region$$Table$$Base                      0x08004f94   Number         0  anon$$obj.o(Region$$Table)
    Region$$Table$$Limit                     0x08004fb4   Number         0  anon$$obj.o(Region$$Table)
    SystemCoreClock                          0x20000014   Data           4  system_stm32f10x.o(.data)
    AHBPrescTable                            0x20000018   Data          16  system_stm32f10x.o(.data)
    key                                      0x20000028   Data           1  main.o(.data)
    set                                      0x20000029   Data           1  main.o(.data)
    function_flag                            0x2000002a   Data           1  main.o(.data)
    temp_fan                                 0x2000002b   Data           1  main.o(.data)
    temp_flame_warm                          0x2000002c   Data           1  main.o(.data)
    flame_flag                               0x2000002d   Data           1  main.o(.data)
    yanwu_warm                               0x2000002e   Data           2  main.o(.data)
    detect_count                             0x20000030   Data           2  main.o(.data)
    yanwu                                    0x20000032   Data           2  main.o(.data)
    temp                                     0x20000034   Data           4  main.o(.data)
    Res                                      0x2000003c   Data           1  usart.o(.data)
    Hzk                                      0x2000003d   Data         128  oled.o(.data)
    Hzk12                                    0x200000bd   Data        1344  oled.o(.data)
    header_flag                              0x200005fd   Data           1  usart2.o(.data)
    data_count                               0x200005fe   Data           1  usart2.o(.data)
    rec_finish                               0x200005ff   Data           1  usart2.o(.data)
    Res1                                     0x20000600   Data           2  usart2.o(.data)
    __libspace_start                         0x20000604   Data          96  libspace.o(.bss)
    __temporary_stack_top$libspace           0x20000664   Data           0  libspace.o(.bss)



==============================================================================

Memory Map of the image

  Image Entry point : 0x080000ed

  Load Region LR_IROM1 (Base: 0x08000000, Size: 0x000055d4, Max: 0x00008000, ABSOLUTE, COMPRESSED[0x00005278])

    Execution Region ER_IROM1 (Exec base: 0x08000000, Load base: 0x08000000, Size: 0x00004fd0, Max: 0x00008000, ABSOLUTE)

    Exec Addr    Load Addr    Size         Type   Attr      Idx    E Section Name        Object

    0x08000000   0x08000000   0x000000ec   Data   RO          380    RESET               startup_stm32f10x_ld.o
    0x080000ec   0x080000ec   0x00000008   Code   RO          757  * !!!main             c_w.l(__main.o)
    0x080000f4   0x080000f4   0x00000034   Code   RO         1011    !!!scatter          c_w.l(__scatter.o)
    0x08000128   0x08000128   0x0000005a   Code   RO         1009    !!dczerorl2         c_w.l(__dczerorl2.o)
    0x08000182   0x08000182   0x00000002   PAD
    0x08000184   0x08000184   0x0000001c   Code   RO         1013    !!handler_zi        c_w.l(__scatter_zi.o)
    0x080001a0   0x080001a0   0x00000000   Code   RO          752    .ARM.Collect$$_printf_percent$$00000000  c_w.l(_printf_percent.o)
    0x080001a0   0x080001a0   0x00000006   Code   RO          751    .ARM.Collect$$_printf_percent$$00000003  c_w.l(_printf_f.o)
    0x080001a6   0x080001a6   0x00000006   Code   RO          749    .ARM.Collect$$_printf_percent$$00000009  c_w.l(_printf_d.o)
    0x080001ac   0x080001ac   0x00000006   Code   RO          750    .ARM.Collect$$_printf_percent$$0000000A  c_w.l(_printf_u.o)
    0x080001b2   0x080001b2   0x00000004   Code   RO          794    .ARM.Collect$$_printf_percent$$00000017  c_w.l(_printf_percent_end.o)
    0x080001b6   0x080001b6   0x00000002   Code   RO          882    .ARM.Collect$$libinit$$00000000  c_w.l(libinit.o)
    0x080001b8   0x080001b8   0x00000000   Code   RO          884    .ARM.Collect$$libinit$$00000002  c_w.l(libinit2.o)
    0x080001b8   0x080001b8   0x00000000   Code   RO          886    .ARM.Collect$$libinit$$00000004  c_w.l(libinit2.o)
    0x080001b8   0x080001b8   0x00000000   Code   RO          889    .ARM.Collect$$libinit$$0000000A  c_w.l(libinit2.o)
    0x080001b8   0x080001b8   0x00000000   Code   RO          891    .ARM.Collect$$libinit$$0000000C  c_w.l(libinit2.o)
    0x080001b8   0x080001b8   0x00000000   Code   RO          893    .ARM.Collect$$libinit$$0000000E  c_w.l(libinit2.o)
    0x080001b8   0x080001b8   0x00000006   Code   RO          894    .ARM.Collect$$libinit$$0000000F  c_w.l(libinit2.o)
    0x080001be   0x080001be   0x00000000   Code   RO          896    .ARM.Collect$$libinit$$00000011  c_w.l(libinit2.o)
    0x080001be   0x080001be   0x00000000   Code   RO          898    .ARM.Collect$$libinit$$00000013  c_w.l(libinit2.o)
    0x080001be   0x080001be   0x00000000   Code   RO          900    .ARM.Collect$$libinit$$00000015  c_w.l(libinit2.o)
    0x080001be   0x080001be   0x0000000a   Code   RO          901    .ARM.Collect$$libinit$$00000016  c_w.l(libinit2.o)
    0x080001c8   0x080001c8   0x00000000   Code   RO          902    .ARM.Collect$$libinit$$00000017  c_w.l(libinit2.o)
    0x080001c8   0x080001c8   0x00000000   Code   RO          904    .ARM.Collect$$libinit$$00000019  c_w.l(libinit2.o)
    0x080001c8   0x080001c8   0x00000000   Code   RO          906    .ARM.Collect$$libinit$$0000001B  c_w.l(libinit2.o)
    0x080001c8   0x080001c8   0x00000000   Code   RO          908    .ARM.Collect$$libinit$$0000001D  c_w.l(libinit2.o)
    0x080001c8   0x080001c8   0x00000000   Code   RO          910    .ARM.Collect$$libinit$$0000001F  c_w.l(libinit2.o)
    0x080001c8   0x080001c8   0x00000000   Code   RO          912    .ARM.Collect$$libinit$$00000021  c_w.l(libinit2.o)
    0x080001c8   0x080001c8   0x00000000   Code   RO          914    .ARM.Collect$$libinit$$00000023  c_w.l(libinit2.o)
    0x080001c8   0x080001c8   0x00000000   Code   RO          916    .ARM.Collect$$libinit$$00000025  c_w.l(libinit2.o)
    0x080001c8   0x080001c8   0x00000000   Code   RO          920    .ARM.Collect$$libinit$$0000002C  c_w.l(libinit2.o)
    0x080001c8   0x080001c8   0x00000000   Code   RO          922    .ARM.Collect$$libinit$$0000002E  c_w.l(libinit2.o)
    0x080001c8   0x080001c8   0x00000000   Code   RO          924    .ARM.Collect$$libinit$$00000030  c_w.l(libinit2.o)
    0x080001c8   0x080001c8   0x00000000   Code   RO          926    .ARM.Collect$$libinit$$00000032  c_w.l(libinit2.o)
    0x080001c8   0x080001c8   0x00000002   Code   RO          927    .ARM.Collect$$libinit$$00000033  c_w.l(libinit2.o)
    0x080001ca   0x080001ca   0x00000002   Code   RO          957    .ARM.Collect$$libshutdown$$00000000  c_w.l(libshutdown.o)
    0x080001cc   0x080001cc   0x00000000   Code   RO          966    .ARM.Collect$$libshutdown$$00000002  c_w.l(libshutdown2.o)
    0x080001cc   0x080001cc   0x00000000   Code   RO          968    .ARM.Collect$$libshutdown$$00000004  c_w.l(libshutdown2.o)
    0x080001cc   0x080001cc   0x00000000   Code   RO          970    .ARM.Collect$$libshutdown$$00000006  c_w.l(libshutdown2.o)
    0x080001cc   0x080001cc   0x00000000   Code   RO          973    .ARM.Collect$$libshutdown$$00000009  c_w.l(libshutdown2.o)
    0x080001cc   0x080001cc   0x00000000   Code   RO          976    .ARM.Collect$$libshutdown$$0000000C  c_w.l(libshutdown2.o)
    0x080001cc   0x080001cc   0x00000000   Code   RO          978    .ARM.Collect$$libshutdown$$0000000E  c_w.l(libshutdown2.o)
    0x080001cc   0x080001cc   0x00000000   Code   RO          981    .ARM.Collect$$libshutdown$$00000011  c_w.l(libshutdown2.o)
    0x080001cc   0x080001cc   0x00000002   Code   RO          982    .ARM.Collect$$libshutdown$$00000012  c_w.l(libshutdown2.o)
    0x080001ce   0x080001ce   0x00000000   Code   RO          783    .ARM.Collect$$rtentry$$00000000  c_w.l(__rtentry.o)
    0x080001ce   0x080001ce   0x00000000   Code   RO          809    .ARM.Collect$$rtentry$$00000002  c_w.l(__rtentry2.o)
    0x080001ce   0x080001ce   0x00000006   Code   RO          821    .ARM.Collect$$rtentry$$00000004  c_w.l(__rtentry4.o)
    0x080001d4   0x080001d4   0x00000000   Code   RO          811    .ARM.Collect$$rtentry$$00000009  c_w.l(__rtentry2.o)
    0x080001d4   0x080001d4   0x00000004   Code   RO          812    .ARM.Collect$$rtentry$$0000000A  c_w.l(__rtentry2.o)
    0x080001d8   0x080001d8   0x00000000   Code   RO          814    .ARM.Collect$$rtentry$$0000000C  c_w.l(__rtentry2.o)
    0x080001d8   0x080001d8   0x00000008   Code   RO          815    .ARM.Collect$$rtentry$$0000000D  c_w.l(__rtentry2.o)
    0x080001e0   0x080001e0   0x00000002   Code   RO          930    .ARM.Collect$$rtexit$$00000000  c_w.l(rtexit.o)
    0x080001e2   0x080001e2   0x00000000   Code   RO          937    .ARM.Collect$$rtexit$$00000002  c_w.l(rtexit2.o)
    0x080001e2   0x080001e2   0x00000004   Code   RO          938    .ARM.Collect$$rtexit$$00000003  c_w.l(rtexit2.o)
    0x080001e6   0x080001e6   0x00000006   Code   RO          939    .ARM.Collect$$rtexit$$00000004  c_w.l(rtexit2.o)
    0x080001ec   0x080001ec   0x000000b8   Code   RO            1    .text               misc.o
    0x080002a4   0x080002a4   0x00000388   Code   RO          101    .text               stm32f10x_adc.o
    0x0800062c   0x0800062c   0x00000298   Code   RO          233    .text               stm32f10x_gpio.o
    0x080008c4   0x080008c4   0x000002f4   Code   RO          281    .text               stm32f10x_rcc.o
    0x08000bb8   0x08000bb8   0x00000c2a   Code   RO          331    .text               stm32f10x_tim.o
    0x080017e2   0x080017e2   0x00000002   PAD
    0x080017e4   0x080017e4   0x0000039c   Code   RO          343    .text               stm32f10x_usart.o
    0x08001b80   0x08001b80   0x00000040   Code   RO          381    .text               startup_stm32f10x_ld.o
    0x08001bc0   0x08001bc0   0x00000012   Code   RO          385    .text               stm32f10x_it.o
    0x08001bd2   0x08001bd2   0x00000002   PAD
    0x08001bd4   0x08001bd4   0x00000174   Code   RO          426    .text               system_stm32f10x.o
    0x08001d48   0x08001d48   0x00000348   Code   RO          444    .text               main.o
    0x08002090   0x08002090   0x00000080   Code   RO          510    .text               delay.o
    0x08002110   0x08002110   0x000000d8   Code   RO          540    .text               usart.o
    0x080021e8   0x080021e8   0x0000005c   Code   RO          565    .text               led.o
    0x08002244   0x08002244   0x00000718   Code   RO          577    .text               oled.o
    0x0800295c   0x0800295c   0x00000090   Code   RO          599    .text               time2.o
    0x080029ec   0x080029ec   0x000000e4   Code   RO          620    .text               adc.o
    0x08002ad0   0x08002ad0   0x00000194   Code   RO          632    .text               usart2.o
    0x08002c64   0x08002c64   0x00000034   Code   RO          650    .text               beep.o
    0x08002c98   0x08002c98   0x0000012c   Code   RO          662    .text               key.o
    0x08002dc4   0x08002dc4   0x00000040   Code   RO          687    .text               switch.o
    0x08002e04   0x08002e04   0x00000248   Code   RO          699    .text               ds18b20.o
    0x0800304c   0x0800304c   0x00000002   Code   RO          713    .text               c_w.l(use_no_semi_2.o)
    0x0800304e   0x0800304e   0x00000002   PAD
    0x08003050   0x08003050   0x00000028   Code   RO          719    .text               c_w.l(noretval__2sprintf.o)
    0x08003078   0x08003078   0x00000034   Code   RO          721    .text               c_w.l(noretval__2snprintf.o)
    0x080030ac   0x080030ac   0x0000004e   Code   RO          725    .text               c_w.l(_printf_pad.o)
    0x080030fa   0x080030fa   0x00000002   PAD
    0x080030fc   0x080030fc   0x00000078   Code   RO          727    .text               c_w.l(_printf_dec.o)
    0x08003174   0x08003174   0x0000010e   Code   RO          737    .text               c_w.l(__printf_wp.o)
    0x08003282   0x08003282   0x00000064   Code   RO          753    .text               c_w.l(rt_memcpy_w.o)
    0x080032e6   0x080032e6   0x00000006   Code   RO          755    .text               c_w.l(heapauxi.o)
    0x080032ec   0x080032ec   0x00000002   Code   RO          781    .text               c_w.l(use_no_semi.o)
    0x080032ee   0x080032ee   0x000000b2   Code   RO          784    .text               c_w.l(_printf_intcommon.o)
    0x080033a0   0x080033a0   0x0000041e   Code   RO          786    .text               c_w.l(_printf_fp_dec.o)
    0x080037be   0x080037be   0x00000002   PAD
    0x080037c0   0x080037c0   0x00000030   Code   RO          788    .text               c_w.l(_printf_char_common.o)
    0x080037f0   0x080037f0   0x0000000a   Code   RO          790    .text               c_w.l(_sputc.o)
    0x080037fa   0x080037fa   0x00000010   Code   RO          792    .text               c_w.l(_snputc.o)
    0x0800380a   0x0800380a   0x00000002   PAD
    0x0800380c   0x0800380c   0x00000008   Code   RO          826    .text               c_w.l(rt_locale_intlibspace.o)
    0x08003814   0x08003814   0x0000008a   Code   RO          828    .text               c_w.l(lludiv10.o)
    0x0800389e   0x0800389e   0x00000002   PAD
    0x080038a0   0x080038a0   0x00000080   Code   RO          830    .text               c_w.l(_printf_fp_infnan.o)
    0x08003920   0x08003920   0x000000e4   Code   RO          834    .text               c_w.l(bigflt0.o)
    0x08003a04   0x08003a04   0x00000008   Code   RO          868    .text               c_w.l(libspace.o)
    0x08003a0c   0x08003a0c   0x0000004a   Code   RO          871    .text               c_w.l(sys_stackheap_outer.o)
    0x08003a56   0x08003a56   0x00000012   Code   RO          873    .text               c_w.l(exit.o)
    0x08003a68   0x08003a68   0x00000080   Code   RO          875    .text               c_w.l(strcmpv7m.o)
    0x08003ae8   0x08003ae8   0x0000003e   Code   RO          837    CL$$btod_d2e        c_w.l(btod.o)
    0x08003b26   0x08003b26   0x00000046   Code   RO          839    CL$$btod_d2e_denorm_low  c_w.l(btod.o)
    0x08003b6c   0x08003b6c   0x00000060   Code   RO          838    CL$$btod_d2e_norm_op1  c_w.l(btod.o)
    0x08003bcc   0x08003bcc   0x00000338   Code   RO          847    CL$$btod_div_common  c_w.l(btod.o)
    0x08003f04   0x08003f04   0x000000dc   Code   RO          844    CL$$btod_e2e        c_w.l(btod.o)
    0x08003fe0   0x08003fe0   0x0000002a   Code   RO          841    CL$$btod_ediv       c_w.l(btod.o)
    0x0800400a   0x0800400a   0x0000002a   Code   RO          840    CL$$btod_emul       c_w.l(btod.o)
    0x08004034   0x08004034   0x00000244   Code   RO          846    CL$$btod_mult_common  c_w.l(btod.o)
    0x08004278   0x08004278   0x00000028   Code   RO          866    i.__ARM_fpclassify  m_ws.l(fpclassify.o)
    0x080042a0   0x080042a0   0x0000000e   Code   RO          739    i._is_digit         c_w.l(__printf_wp.o)
    0x080042ae   0x080042ae   0x00000002   PAD
    0x080042b0   0x080042b0   0x0000002c   Code   RO          860    locale$$code        c_w.l(lc_numeric_c.o)
    0x080042dc   0x080042dc   0x00000062   Code   RO          759    x$fpl$d2f           fz_ws.l(d2f.o)
    0x0800433e   0x0800433e   0x00000002   PAD
    0x08004340   0x08004340   0x00000010   Code   RO          795    x$fpl$dcheck1       fz_ws.l(dcheck1.o)
    0x08004350   0x08004350   0x0000002e   Code   RO          762    x$fpl$dflt          fz_ws.l(dflt_clz.o)
    0x0800437e   0x0800437e   0x0000009c   Code   RO          797    x$fpl$dnaninf       fz_ws.l(dnaninf.o)
    0x0800441a   0x0800441a   0x0000000c   Code   RO          799    x$fpl$dretinf       fz_ws.l(dretinf.o)
    0x08004426   0x08004426   0x00000002   PAD
    0x08004428   0x08004428   0x00000056   Code   RO          767    x$fpl$f2d           fz_ws.l(f2d.o)
    0x0800447e   0x0800447e   0x00000018   Code   RO          801    x$fpl$fcmpinf       fz_ws.l(fcmpi.o)
    0x08004496   0x08004496   0x00000002   PAD
    0x08004498   0x08004498   0x00000026   Code   RO          769    x$fpl$ffltu         fz_ws.l(fflt_clz.o)
    0x080044be   0x080044be   0x00000002   PAD
    0x080044c0   0x080044c0   0x00000068   Code   RO          775    x$fpl$fleqf         fz_ws.l(fleqf.o)
    0x08004528   0x08004528   0x0000008c   Code   RO          803    x$fpl$fnaninf       fz_ws.l(fnaninf.o)
    0x080045b4   0x080045b4   0x0000000a   Code   RO          805    x$fpl$fretinf       fz_ws.l(fretinf.o)
    0x080045be   0x080045be   0x00000004   Code   RO          777    x$fpl$printf1       fz_ws.l(printf1.o)
    0x080045c2   0x080045c2   0x00000064   Code   RO          864    x$fpl$retnan        fz_ws.l(retnan.o)
    0x08004626   0x08004626   0x0000005c   Code   RO          779    x$fpl$scalbn        fz_ws.l(scalbn.o)
    0x08004682   0x08004682   0x00000030   Code   RO          928    x$fpl$trapveneer    fz_ws.l(trapv.o)
    0x080046b2   0x080046b2   0x00000000   Code   RO          807    x$fpl$usenofp       fz_ws.l(usenofp.o)
    0x080046b2   0x080046b2   0x00000002   PAD
    0x080046b4   0x080046b4   0x00000032   Data   RO          445    .constdata          main.o
    0x080046e6   0x080046e6   0x00000818   Data   RO          578    .constdata          oled.o
    0x08004efe   0x08004efe   0x00000002   PAD
    0x08004f00   0x08004f00   0x00000094   Data   RO          835    .constdata          c_w.l(bigflt0.o)
    0x08004f94   0x08004f94   0x00000020   Data   RO         1007    Region$$Table       anon$$obj.o
    0x08004fb4   0x08004fb4   0x0000001c   Data   RO          859    locale$$data        c_w.l(lc_numeric_c.o)


    Execution Region RW_IRAM1 (Exec base: 0x20000000, Load base: 0x08004fd0, Size: 0x00000c68, Max: 0x00002800, ABSOLUTE, COMPRESSED[0x000002a8])

    Exec Addr    Load Addr    Size         Type   Attr      Idx    E Section Name        Object

    0x20000000   COMPRESSED   0x00000014   Data   RW          282    .data               stm32f10x_rcc.o
    0x20000014   COMPRESSED   0x00000014   Data   RW          427    .data               system_stm32f10x.o
    0x20000028   COMPRESSED   0x00000010   Data   RW          446    .data               main.o
    0x20000038   COMPRESSED   0x00000004   Data   RW          511    .data               delay.o
    0x2000003c   COMPRESSED   0x00000001   Data   RW          544    .data               usart.o
    0x2000003d   COMPRESSED   0x000005c0   Data   RW          579    .data               oled.o
    0x200005fd   COMPRESSED   0x00000005   Data   RW          633    .data               usart2.o
    0x20000602   COMPRESSED   0x00000001   Data   RW          663    .data               key.o
    0x20000603   COMPRESSED   0x00000001   PAD
    0x20000604        -       0x00000060   Zero   RW          869    .bss                c_w.l(libspace.o)
    0x20000664   COMPRESSED   0x00000004   PAD
    0x20000668        -       0x00000200   Zero   RW          379    HEAP                startup_stm32f10x_ld.o
    0x20000868        -       0x00000400   Zero   RW          378    STACK               startup_stm32f10x_ld.o


==============================================================================

Image component sizes


      Code (inc. data)   RO Data    RW Data    ZI Data      Debug   Object Name

       228         10          0          0          0       1111   adc.o
        52          4          0          0          0        508   beep.o
         0          0          0          0          0         32   core_cm3.o
       128         12          0          4          0       1075   delay.o
       584          6          0          0          0       3170   ds18b20.o
       300          8          0          1          0        968   key.o
        92          8          0          0          0        527   led.o
       840         78         50         16          0       1611   main.o
       184         12          0          0          0     261929   misc.o
      1816         22       2072       1472          0       8896   oled.o
        64         26        236          0       1536        804   startup_stm32f10x_ld.o
       904         24          0          0          0      11857   stm32f10x_adc.o
       664         36          0          0          0       6249   stm32f10x_gpio.o
        18          0          0          0          0       1182   stm32f10x_it.o
       756         32          0         20          0       9388   stm32f10x_rcc.o
      3114         84          0          0          0      25140   stm32f10x_tim.o
       924         20          0          0          0       9212   stm32f10x_usart.o
        64          6          0          0          0        518   switch.o
       372         34          0         20          0       1819   system_stm32f10x.o
       144          6          0          0          0        828   time2.o
       216         14          0          1          0       3174   usart.o
       404         16          0          5          0       3021   usart2.o

    ----------------------------------------------------------------------
     11872        458       2392       1540       1536     353019   Object Totals
         0          0         32          0          0          0   (incl. Generated)
         4          0          2          1          0          0   (incl. Padding)

    ----------------------------------------------------------------------

      Code (inc. data)   RO Data    RW Data    ZI Data      Debug   Library Member Name

        90          0          0          0          0          0   __dczerorl2.o
         8          0          0          0          0         68   __main.o
       284          0          0          0          0        156   __printf_wp.o
         0          0          0          0          0          0   __rtentry.o
        12          0          0          0          0          0   __rtentry2.o
         6          0          0          0          0          0   __rtentry4.o
        52          8          0          0          0          0   __scatter.o
        28          0          0          0          0          0   __scatter_zi.o
        48          6          0          0          0         96   _printf_char_common.o
         6          0          0          0          0          0   _printf_d.o
       120         16          0          0          0         92   _printf_dec.o
         6          0          0          0          0          0   _printf_f.o
      1054          0          0          0          0        216   _printf_fp_dec.o
       128         16          0          0          0         84   _printf_fp_infnan.o
       178          0          0          0          0         88   _printf_intcommon.o
        78          0          0          0          0        108   _printf_pad.o
         0          0          0          0          0          0   _printf_percent.o
         4          0          0          0          0          0   _printf_percent_end.o
         6          0          0          0          0          0   _printf_u.o
        16          0          0          0          0         68   _snputc.o
        10          0          0          0          0         68   _sputc.o
       228          4        148          0          0         96   bigflt0.o
      1936        128          0          0          0        672   btod.o
        18          0          0          0          0         80   exit.o
         6          0          0          0          0        152   heapauxi.o
        44         10         28          0          0         76   lc_numeric_c.o
         2          0          0          0          0          0   libinit.o
        18          0          0          0          0          0   libinit2.o
         2          0          0          0          0          0   libshutdown.o
         2          0          0          0          0          0   libshutdown2.o
         8          4          0          0         96         68   libspace.o
       138          0          0          0          0         80   lludiv10.o
        52          4          0          0          0         84   noretval__2snprintf.o
        40          6          0          0          0         84   noretval__2sprintf.o
         8          4          0          0          0         68   rt_locale_intlibspace.o
       100          0          0          0          0         80   rt_memcpy_w.o
         2          0          0          0          0          0   rtexit.o
        10          0          0          0          0          0   rtexit2.o
       128          0          0          0          0         68   strcmpv7m.o
        74          0          0          0          0         80   sys_stackheap_outer.o
         2          0          0          0          0         68   use_no_semi.o
         2          0          0          0          0         68   use_no_semi_2.o
        98          4          0          0          0         92   d2f.o
        16          4          0          0          0         68   dcheck1.o
        46          0          0          0          0         68   dflt_clz.o
       156          4          0          0          0         92   dnaninf.o
        12          0          0          0          0         68   dretinf.o
        86          4          0          0          0         84   f2d.o
        24          0          0          0          0         68   fcmpi.o
        38          0          0          0          0         68   fflt_clz.o
       104          4          0          0          0         84   fleqf.o
       140          4          0          0          0         84   fnaninf.o
        10          0          0          0          0         68   fretinf.o
         4          0          0          0          0         68   printf1.o
       100          0          0          0          0         68   retnan.o
        92          0          0          0          0         68   scalbn.o
        48          0          0          0          0         68   trapv.o
         0          0          0          0          0          0   usenofp.o
        40          0          0          0          0         68   fpclassify.o

    ----------------------------------------------------------------------
      5992        230        176          0        100       4052   Library Totals
        24          0          0          0          4          0   (incl. Padding)

    ----------------------------------------------------------------------

      Code (inc. data)   RO Data    RW Data    ZI Data      Debug   Library Name

      4954        206        176          0         96       2868   c_w.l
       974         24          0          0          0       1116   fz_ws.l
        40          0          0          0          0         68   m_ws.l

    ----------------------------------------------------------------------
      5992        230        176          0        100       4052   Library Totals

    ----------------------------------------------------------------------

==============================================================================


      Code (inc. data)   RO Data    RW Data    ZI Data      Debug   

     17864        688       2568       1540       1636     352699   Grand Totals
     17864        688       2568        680       1636     352699   ELF Image Totals (compressed)
     17864        688       2568        680          0          0   ROM Totals

==============================================================================

    Total RO  Size (Code + RO Data)                20432 (  19.95kB)
    Total RW  Size (RW Data + ZI Data)              3176 (   3.10kB)
    Total ROM Size (Code + RO Data + RW Data)      21112 (  20.62kB)

==============================================================================

